Component: ARM Compiler 5.06 update 7 (build 960) Tool: armlink [4d3601]

==============================================================================

Section Cross References

    startup_stm32f103xb.o(STACK) refers (Special) to heapauxi.o(.text) for __use_two_region_memory
    startup_stm32f103xb.o(HEAP) refers (Special) to heapauxi.o(.text) for __use_two_region_memory
    startup_stm32f103xb.o(RESET) refers (Special) to heapauxi.o(.text) for __use_two_region_memory
    startup_stm32f103xb.o(RESET) refers to startup_stm32f103xb.o(STACK) for __initial_sp
    startup_stm32f103xb.o(RESET) refers to startup_stm32f103xb.o(.text) for Reset_Handler
    startup_stm32f103xb.o(RESET) refers to stm32f1xx_it.o(i.NMI_Handler) for NMI_Handler
    startup_stm32f103xb.o(RESET) refers to stm32f1xx_it.o(i.HardFault_Handler) for HardFault_Handler
    startup_stm32f103xb.o(RESET) refers to stm32f1xx_it.o(i.MemManage_Handler) for MemManage_Handler
    startup_stm32f103xb.o(RESET) refers to stm32f1xx_it.o(i.BusFault_Handler) for BusFault_Handler
    startup_stm32f103xb.o(RESET) refers to stm32f1xx_it.o(i.UsageFault_Handler) for UsageFault_Handler
    startup_stm32f103xb.o(RESET) refers to port.o(.emb_text) for SVC_Handler
    startup_stm32f103xb.o(RESET) refers to stm32f1xx_it.o(i.DebugMon_Handler) for DebugMon_Handler
    startup_stm32f103xb.o(RESET) refers to port.o(i.SysTick_Handler) for SysTick_Handler
    startup_stm32f103xb.o(RESET) refers to stm32f1xx_it.o(i.DMA1_Channel1_IRQHandler) for DMA1_Channel1_IRQHandler
    startup_stm32f103xb.o(RESET) refers to stm32f1xx_it.o(i.DMA1_Channel3_IRQHandler) for DMA1_Channel3_IRQHandler
    startup_stm32f103xb.o(RESET) refers to stm32f1xx_it.o(i.CAN1_RX1_IRQHandler) for CAN1_RX1_IRQHandler
    startup_stm32f103xb.o(RESET) refers to stm32f1xx_it.o(i.TIM2_IRQHandler) for TIM2_IRQHandler
    startup_stm32f103xb.o(.text) refers (Special) to heapauxi.o(.text) for __use_two_region_memory
    startup_stm32f103xb.o(.text) refers to system_stm32f1xx.o(i.SystemInit) for SystemInit
    startup_stm32f103xb.o(.text) refers to __main.o(!!!main) for __main
    startup_stm32f103xb.o(.text) refers to startup_stm32f103xb.o(HEAP) for Heap_Mem
    startup_stm32f103xb.o(.text) refers to startup_stm32f103xb.o(STACK) for Stack_Mem
    main.o(i.HAL_TIM_PeriodElapsedCallback) refers to stm32f1xx_hal.o(i.HAL_IncTick) for HAL_IncTick
    main.o(i.SystemClock_Config) refers to rt_memclr_w.o(.text) for __aeabi_memclr4
    main.o(i.SystemClock_Config) refers to stm32f1xx_hal_rcc.o(i.HAL_RCC_OscConfig) for HAL_RCC_OscConfig
    main.o(i.SystemClock_Config) refers to main.o(i.Error_Handler) for Error_Handler
    main.o(i.SystemClock_Config) refers to stm32f1xx_hal_rcc.o(i.HAL_RCC_ClockConfig) for HAL_RCC_ClockConfig
    main.o(i.main) refers to stm32f1xx_hal.o(i.HAL_Init) for HAL_Init
    main.o(i.main) refers to main.o(i.SystemClock_Config) for SystemClock_Config
    main.o(i.main) refers to gpio.o(i.MX_GPIO_Init) for MX_GPIO_Init
    main.o(i.main) refers to dma.o(i.MX_DMA_Init) for MX_DMA_Init
    main.o(i.main) refers to tim.o(i.MX_TIM3_Init) for MX_TIM3_Init
    main.o(i.main) refers to tim.o(i.MX_TIM4_Init) for MX_TIM4_Init
    main.o(i.main) refers to can.o(i.MX_CAN_Init) for MX_CAN_Init
    main.o(i.main) refers to usart.o(i.MX_USART1_UART_Init) for MX_USART1_UART_Init
    main.o(i.main) refers to usart.o(i.MX_USART3_UART_Init) for MX_USART3_UART_Init
    main.o(i.main) refers to tim.o(i.MX_TIM1_Init) for MX_TIM1_Init
    main.o(i.main) refers to freertos.o(i.MX_FREERTOS_Init) for MX_FREERTOS_Init
    main.o(i.main) refers to cmsis_os.o(i.osKernelStart) for osKernelStart
    gpio.o(i.MX_GPIO_Init) refers to stm32f1xx_hal_gpio.o(i.HAL_GPIO_WritePin) for HAL_GPIO_WritePin
    gpio.o(i.MX_GPIO_Init) refers to stm32f1xx_hal_gpio.o(i.HAL_GPIO_Init) for HAL_GPIO_Init
    freertos.o(i.MX_FREERTOS_Init) refers to rt_memcpy_w.o(.text) for __aeabi_memcpy4
    freertos.o(i.MX_FREERTOS_Init) refers to cmsis_os.o(i.osThreadCreate) for osThreadCreate
    freertos.o(i.MX_FREERTOS_Init) refers to freertos.o(.constdata) for .constdata
    freertos.o(i.MX_FREERTOS_Init) refers to freertos.o(.data) for SK6812Handle
    freertos.o(i.vApplicationGetIdleTaskMemory) refers to freertos.o(.bss) for xIdleTaskTCBBuffer
    freertos.o(.constdata) refers to freertos.o(.conststring) for .conststring
    freertos.o(.constdata) refers to sk6812.o(i.SK6812_LEDS_Task) for SK6812_LEDS_Task
    freertos.o(.constdata) refers to hx711.o(i.HX711_Task) for HX711_Task
    freertos.o(.constdata) refers to user.o(i.User_Task) for User_Task
    freertos.o(.constdata) refers to comm.o(i.Comm_Task) for Comm_Task
    can.o(i.HAL_CAN_MspDeInit) refers to stm32f1xx_hal_gpio.o(i.HAL_GPIO_DeInit) for HAL_GPIO_DeInit
    can.o(i.HAL_CAN_MspDeInit) refers to stm32f1xx_hal_cortex.o(i.HAL_NVIC_DisableIRQ) for HAL_NVIC_DisableIRQ
    can.o(i.HAL_CAN_MspInit) refers to stm32f1xx_hal_gpio.o(i.HAL_GPIO_Init) for HAL_GPIO_Init
[...]
    _terminate_alloc                          - Undefined Weak Reference
    _terminate_user_alloc                     - Undefined Weak Reference
    _terminateio                              - Undefined Weak Reference
    __Vectors_Size                           0x000000ec   Number         0  startup_stm32f103xb.o ABSOLUTE
    __Vectors                                0x08000000   Data           4  startup_stm32f103xb.o(RESET)
    __Vectors_End                            0x080000ec   Data           0  startup_stm32f103xb.o(RESET)
    __main                                   0x080000ed   Thumb Code     8  __main.o(!!!main)
    __scatterload                            0x080000f5   Thumb Code     0  __scatter.o(!!!scatter)
    __scatterload_rt2                        0x080000f5   Thumb Code    44  __scatter.o(!!!scatter)
    __scatterload_rt2_thumb_only             0x080000f5   Thumb Code     0  __scatter.o(!!!scatter)
    __scatterload_null                       0x08000103   Thumb Code     0  __scatter.o(!!!scatter)
    __scatterload_copy                       0x08000129   Thumb Code    26  __scatter_copy.o(!!handler_copy)
    __scatterload_zeroinit                   0x08000145   Thumb Code    28  __scatter_zi.o(!!handler_zi)
    _printf_n                                0x08000161   Thumb Code     0  _printf_n.o(.ARM.Collect$$_printf_percent$$00000001)
    _printf_percent                          0x08000161   Thumb Code     0  _printf_percent.o(.ARM.Collect$$_printf_percent$$00000000)
    _printf_p                                0x08000167   Thumb Code     0  _printf_p.o(.ARM.Collect$$_printf_percent$$00000002)
    _printf_f                                0x0800016d   Thumb Code     0  _printf_f.o(.ARM.Collect$$_printf_percent$$00000003)
    _printf_e                                0x08000173   Thumb Code     0  _printf_e.o(.ARM.Collect$$_printf_percent$$00000004)
    _printf_g                                0x08000179   Thumb Code     0  _printf_g.o(.ARM.Collect$$_printf_percent$$00000005)
    _printf_a                                0x0800017f   Thumb Code     0  _printf_a.o(.ARM.Collect$$_printf_percent$$00000006)
    _printf_ll                               0x08000185   Thumb Code     0  _printf_ll.o(.ARM.Collect$$_printf_percent$$00000007)
    _printf_i                                0x0800018f   Thumb Code     0  _printf_i.o(.ARM.Collect$$_printf_percent$$00000008)
    _printf_d                                0x08000195   Thumb Code     0  _printf_d.o(.ARM.Collect$$_printf_percent$$00000009)
    _printf_u                                0x0800019b   Thumb Code     0  _printf_u.o(.ARM.Collect$$_printf_percent$$0000000A)
    _printf_o                                0x080001a1   Thumb Code     0  _printf_o.o(.ARM.Collect$$_printf_percent$$0000000B)
    _printf_x                                0x080001a7   Thumb Code     0  _printf_x.o(.ARM.Collect$$_printf_percent$$0000000C)
    _printf_lli                              0x080001ad   Thumb Code     0  _printf_lli.o(.ARM.Collect$$_printf_percent$$0000000D)
    _printf_lld                              0x080001b3   Thumb Code     0  _printf_lld.o(.ARM.Collect$$_printf_percent$$0000000E)
    _printf_llu                              0x080001b9   Thumb Code     0  _printf_llu.o(.ARM.Collect$$_printf_percent$$0000000F)
    _printf_llo                              0x080001bf   Thumb Code     0  _printf_llo.o(.ARM.Collect$$_printf_percent$$00000010)
    _printf_llx                              0x080001c5   Thumb Code     0  _printf_llx.o(.ARM.Collect$$_printf_percent$$00000011)
    _printf_l                                0x080001cb   Thumb Code     0  _printf_l.o(.ARM.Collect$$_printf_percent$$00000012)
    _printf_c                                0x080001d5   Thumb Code     0  _printf_c.o(.ARM.Collect$$_printf_percent$$00000013)
    _printf_s                                0x080001db   Thumb Code     0  _printf_s.o(.ARM.Collect$$_printf_percent$$00000014)
    _printf_lc                               0x080001e1   Thumb Code     0  _printf_lc.o(.ARM.Collect$$_printf_percent$$00000015)
    _printf_ls                               0x080001e7   Thumb Code     0  _printf_ls.o(.ARM.Collect$$_printf_percent$$00000016)
    _printf_percent_end                      0x080001ed   Thumb Code     0  _printf_percent_end.o(.ARM.Collect$$_printf_percent$$00000017)
    __rt_lib_init                            0x080001f1   Thumb Code     0  libinit.o(.ARM.Collect$$libinit$$00000000)
    __rt_lib_init_fp_1                       0x080001f3   Thumb Code     0  libinit2.o(.ARM.Collect$$libinit$$00000002)
    __rt_lib_init_heap_1                     0x080001f3   Thumb Code     0  libinit2.o(.ARM.Collect$$libinit$$0000000A)
    __rt_lib_init_lc_common                  0x080001f3   Thumb Code     0  libinit2.o(.ARM.Collect$$libinit$$0000000F)
    __rt_lib_init_preinit_1                  0x080001f3   Thumb Code     0  libinit2.o(.ARM.Collect$$libinit$$00000004)
    __rt_lib_init_rand_1                     0x080001f3   Thumb Code     0  libinit2.o(.ARM.Collect$$libinit$$0000000E)
    __rt_lib_init_user_alloc_1               0x080001f3   Thumb Code     0  libinit2.o(.ARM.Collect$$libinit$$0000000C)
    __rt_lib_init_lc_collate_1               0x080001f9   Thumb Code     0  libinit2.o(.ARM.Collect$$libinit$$00000011)
    __rt_lib_init_lc_ctype_2                 0x080001f9   Thumb Code     0  libinit2.o(.ARM.Collect$$libinit$$00000012)
    __rt_lib_init_lc_ctype_1                 0x08000205   Thumb Code     0  libinit2.o(.ARM.Collect$$libinit$$00000013)
    __rt_lib_init_lc_monetary_1              0x08000205   Thumb Code     0  libinit2.o(.ARM.Collect$$libinit$$00000015)
    __rt_lib_init_lc_numeric_2               0x08000205   Thumb Code     0  libinit2.o(.ARM.Collect$$libinit$$00000016)
    __rt_lib_init_alloca_1                   0x0800020f   Thumb Code     0  libinit2.o(.ARM.Collect$$libinit$$0000002E)
    __rt_lib_init_argv_1                     0x0800020f   Thumb Code     0  libinit2.o(.ARM.Collect$$libinit$$0000002C)
    __rt_lib_init_atexit_1                   0x0800020f   Thumb Code     0  libinit2.o(.ARM.Collect$$libinit$$0000001B)
    __rt_lib_init_clock_1                    0x0800020f   Thumb Code     0  libinit2.o(.ARM.Collect$$libinit$$00000021)
    __rt_lib_init_cpp_1                      0x0800020f   Thumb Code     0  libinit2.o(.ARM.Collect$$libinit$$00000032)
    __rt_lib_init_exceptions_1               0x0800020f   Thumb Code     0  libinit2.o(.ARM.Collect$$libinit$$00000030)
    __rt_lib_init_fp_trap_1                  0x0800020f   Thumb Code     0  libinit2.o(.ARM.Collect$$libinit$$0000001F)
    __rt_lib_init_getenv_1                   0x0800020f   Thumb Code     0  libinit2.o(.ARM.Collect$$libinit$$00000023)
    __rt_lib_init_lc_numeric_1               0x0800020f   Thumb Code     0  libinit2.o(.ARM.Collect$$libinit$$00000017)
    __rt_lib_init_lc_time_1                  0x0800020f   Thumb Code     0  libinit2.o(.ARM.Collect$$libinit$$00000019)
    __rt_lib_init_return                     0x0800020f   Thumb Code     0  libinit2.o(.ARM.Collect$$libinit$$00000033)
    __rt_lib_init_signal_1                   0x0800020f   Thumb Code     0  libinit2.o(.ARM.Collect$$libinit$$0000001D)
    __rt_lib_init_stdio_1                    0x0800020f   Thumb Code     0  libinit2.o(.ARM.Collect$$libinit$$00000025)
    __rt_lib_shutdown                        0x08000211   Thumb Code     0  libshutdown.o(.ARM.Collect$$libshutdown$$00000000)
    __rt_lib_shutdown_cpp_1                  0x08000213   Thumb Code     0  libshutdown2.o(.ARM.Collect$$libshutdown$$00000004)
    __rt_lib_shutdown_fini_1                 0x08000213   Thumb Code     0  libshutdown2.o(.ARM.Collect$$libshutdown$$00000002)
    __rt_lib_shutdown_fp_trap_1              0x08000213   Thumb Code     0  libshutdown2.o(.ARM.Collect$$libshutdown$$00000009)
    __rt_lib_shutdown_heap_1                 0x08000213   Thumb Code     0  libshutdown2.o(.ARM.Collect$$libshutdown$$00000011)
    __rt_lib_shutdown_return                 0x08000213   Thumb Code     0  libshutdown2.o(.ARM.Collect$$libshutdown$$00000012)
    __rt_lib_shutdown_signal_1               0x08000213   Thumb Code     0  libshutdown2.o(.ARM.Collect$$libshutdown$$0000000C)
    __rt_lib_shutdown_stdio_1                0x08000213   Thumb Code     0  libshutdown2.o(.ARM.Collect$$libshutdown$$00000006)
    __rt_lib_shutdown_user_alloc_1           0x08000213   Thumb Code     0  libshutdown2.o(.ARM.Collect$$libshutdown$$0000000E)
    __rt_entry                               0x08000215   Thumb Code     0  __rtentry.o(.ARM.Collect$$rtentry$$00000000)
    __rt_entry_presh_1                       0x08000215   Thumb Code     0  __rtentry2.o(.ARM.Collect$$rtentry$$00000002)
    __rt_entry_sh                            0x08000215   Thumb Code     0  __rtentry4.o(.ARM.Collect$$rtentry$$00000004)
    __rt_entry_li                            0x0800021b   Thumb Code     0  __rtentry2.o(.ARM.Collect$$rtentry$$0000000A)
    __rt_entry_postsh_1                      0x0800021b   Thumb Code     0  __rtentry2.o(.ARM.Collect$$rtentry$$00000009)
    __rt_entry_main                          0x0800021f   Thumb Code     0  __rtentry2.o(.ARM.Collect$$rtentry$$0000000D)
    __rt_entry_postli_1                      0x0800021f   Thumb Code     0  __rtentry2.o(.ARM.Collect$$rtentry$$0000000C)
    __rt_exit                                0x08000227   Thumb Code     0  rtexit.o(.ARM.Collect$$rtexit$$00000000)
    __rt_exit_ls                             0x08000229   Thumb Code     0  rtexit2.o(.ARM.Collect$$rtexit$$00000003)
    __rt_exit_prels_1                        0x08000229   Thumb Code     0  rtexit2.o(.ARM.Collect$$rtexit$$00000002)
    __rt_exit_exit                           0x0800022d   Thumb Code     0  rtexit2.o(.ARM.Collect$$rtexit$$00000004)
    SVC_Handler                              0x08000235   Thumb Code    32  port.o(.emb_text)
    __asm___6_port_c_39a90d8d__prvStartFirstTask 0x08000259   Thumb Code    28  port.o(.emb_text)
    PendSV_Handler                           0x08000279   Thumb Code    72  port.o(.emb_text)
    vPortGetIPSR                             0x080002c5   Thumb Code     6  port.o(.emb_text)
    Reset_Handler                            0x080002cd   Thumb Code     8  startup_stm32f103xb.o(.text)
    ADC1_2_IRQHandler                        0x080002e7   Thumb Code     0  startup_stm32f103xb.o(.text)
    CAN1_SCE_IRQHandler                      0x080002e7   Thumb Code     0  startup_stm32f103xb.o(.text)
    DMA1_Channel2_IRQHandler                 0x080002e7   Thumb Code     0  startup_stm32f103xb.o(.text)
    DMA1_Channel4_IRQHandler                 0x080002e7   Thumb Code     0  startup_stm32f103xb.o(.text)
    DMA1_Channel5_IRQHandler                 0x080002e7   Thumb Code     0  startup_stm32f103xb.o(.text)
    DMA1_Channel6_IRQHandler                 0x080002e7   Thumb Code     0  startup_stm32f103xb.o(.text)
    DMA1_Channel7_IRQHandler                 0x080002e7   Thumb Code     0  startup_stm32f103xb.o(.text)
    EXTI0_IRQHandler                         0x080002e7   Thumb Code     0  startup_stm32f103xb.o(.text)
    EXTI15_10_IRQHandler                     0x080002e7   Thumb Code     0  startup_stm32f103xb.o(.text)
    EXTI1_IRQHandler                         0x080002e7   Thumb Code     0  startup_stm32f103xb.o(.text)
    EXTI2_IRQHandler                         0x080002e7   Thumb Code     0  startup_stm32f103xb.o(.text)
    EXTI3_IRQHandler                         0x080002e7   Thumb Code     0  startup_stm32f103xb.o(.text)
    EXTI4_IRQHandler                         0x080002e7   Thumb Code     0  startup_stm32f103xb.o(.text)
    EXTI9_5_IRQHandler                       0x080002e7   Thumb Code     0  startup_stm32f103xb.o(.text)
    FLASH_IRQHandler                         0x080002e7   Thumb Code     0  startup_stm32f103xb.o(.text)
    I2C1_ER_IRQHandler                       0x080002e7   Thumb Code     0  startup_stm32f103xb.o(.text)
    I2C1_EV_IRQHandler                       0x080002e7   Thumb Code     0  startup_stm32f103xb.o(.text)
    I2C2_ER_IRQHandler                       0x080002e7   Thumb Code     0  startup_stm32f103xb.o(.text)
    I2C2_EV_IRQHandler                       0x080002e7   Thumb Code     0  startup_stm32f103xb.o(.text)
    PVD_IRQHandler                           0x080002e7   Thumb Code     0  startup_stm32f103xb.o(.text)
    RCC_IRQHandler                           0x080002e7   Thumb Code     0  startup_stm32f103xb.o(.text)
    RTC_Alarm_IRQHandler                     0x080002e7   Thumb Code     0  startup_stm32f103xb.o(.text)
    RTC_IRQHandler                           0x080002e7   Thumb Code     0  startup_stm32f103xb.o(.text)
    SPI1_IRQHandler                          0x080002e7   Thumb Code     0  startup_stm32f103xb.o(.text)
    SPI2_IRQHandler                          0x080002e7   Thumb Code     0  startup_stm32f103xb.o(.text)
    TAMPER_IRQHandler                        0x080002e7   Thumb Code     0  startup_stm32f103xb.o(.text)
    TIM1_BRK_IRQHandler                      0x080002e7   Thumb Code     0  startup_stm32f103xb.o(.text)
    TIM1_CC_IRQHandler                       0x080002e7   Thumb Code     0  startup_stm32f103xb.o(.text)
    TIM1_TRG_COM_IRQHandler                  0x080002e7   Thumb Code     0  startup_stm32f103xb.o(.text)
    TIM1_UP_IRQHandler                       0x080002e7   Thumb Code     0  startup_stm32f103xb.o(.text)
    TIM3_IRQHandler                          0x080002e7   Thumb Code     0  startup_stm32f103xb.o(.text)
    TIM4_IRQHandler                          0x080002e7   Thumb Code     0  startup_stm32f103xb.o(.text)
    USART1_IRQHandler                        0x080002e7   Thumb Code     0  startup_stm32f103xb.o(.text)
    USART2_IRQHandler                        0x080002e7   Thumb Code     0  startup_stm32f103xb.o(.text)
    USART3_IRQHandler                        0x080002e7   Thumb Code     0  startup_stm32f103xb.o(.text)
    USBWakeUp_IRQHandler                     0x080002e7   Thumb Code     0  startup_stm32f103xb.o(.text)
    USB_HP_CAN1_TX_IRQHandler                0x080002e7   Thumb Code     0  startup_stm32f103xb.o(.text)
    USB_LP_CAN1_RX0_IRQHandler               0x080002e7   Thumb Code     0  startup_stm32f103xb.o(.text)
    WWDG_IRQHandler                          0x080002e7   Thumb Code     0  startup_stm32f103xb.o(.text)
    __user_initial_stackheap                 0x080002e9   Thumb Code     0  startup_stm32f103xb.o(.text)
    __aeabi_llsr                             0x0800030d   Thumb Code     0  llushr.o(.text)
    _ll_ushift_r                             0x0800030d   Thumb Code    38  llushr.o(.text)
    vsprintf                                 0x08000335   Thumb Code    32  vsprintf.o(.text)
    __aeabi_memcpy4                          0x08000359   Thumb Code     0  rt_memcpy_w.o(.text)
    __aeabi_memcpy8                          0x08000359   Thumb Code     0  rt_memcpy_w.o(.text)
    __rt_memcpy_w                            0x08000359   Thumb Code   100  rt_memcpy_w.o(.text)
    _memcpy_lastbytes_aligned                0x080003a1   Thumb Code     0  rt_memcpy_w.o(.text)
    __aeabi_memclr4                          0x080003bd   Thumb Code     0  rt_memclr_w.o(.text)
    __aeabi_memclr8                          0x080003bd   Thumb Code     0  rt_memclr_w.o(.text)
    __rt_memclr_w                            0x080003bd   Thumb Code    78  rt_memclr_w.o(.text)
    _memset_w                                0x080003c1   Thumb Code     0  rt_memclr_w.o(.text)
    __use_two_region_memory                  0x0800040b   Thumb Code     2  heapauxi.o(.text)
    __rt_heap_escrow$2region                 0x0800040d   Thumb Code     2  heapauxi.o(.text)
    __rt_heap_expand$2region                 0x0800040f   Thumb Code     2  heapauxi.o(.text)
    _printf_pre_padding                      0x08000411   Thumb Code    44  _printf_pad.o(.text)
    _printf_post_padding                     0x0800043d   Thumb Code    34  _printf_pad.o(.text)
    _printf_truncate_signed                  0x0800045f   Thumb Code    18  _printf_truncate.o(.text)
    _printf_truncate_unsigned                0x08000471   Thumb Code    18  _printf_truncate.o(.text)
    _printf_str                              0x08000483   Thumb Code    82  _printf_str.o(.text)
    _printf_int_dec                          0x080004d5   Thumb Code   104  _printf_dec.o(.text)
    _printf_charcount                        0x0800054d   Thumb Code    40  _printf_charcount.o(.text)
    _printf_char_common                      0x0800057f   Thumb Code    32  _printf_char_common.o(.text)
    _sputc                                   0x080005a5   Thumb Code    10  _sputc.o(.text)
    _printf_wctomb                           0x080005b1   Thumb Code   182  _printf_wctomb.o(.text)
    _printf_longlong_dec                     0x0800066d   Thumb Code   108  _printf_longlong_dec.o(.text)
    _printf_longlong_oct                     0x080006e9   Thumb Code    66  _printf_oct_int_ll.o(.text)
    _printf_int_oct                          0x0800072b   Thumb Code    24  _printf_oct_int_ll.o(.text)
    _printf_ll_oct                           0x08000743   Thumb Code    12  _printf_oct_int_ll.o(.text)
    _printf_longlong_hex                     0x08000759   Thumb Code    86  _printf_hex_int_ll_ptr.o(.text)
    _printf_int_hex                          0x080007af   Thumb Code    28  _printf_hex_int_ll_ptr.o(.text)
    _printf_ll_hex                           0x080007cb   Thumb Code    12  _printf_hex_int_ll_ptr.o(.text)
    _printf_hex_ptr                          0x080007d7   Thumb Code    18  _printf_hex_int_ll_ptr.o(.text)
    __printf                                 0x080007ed   Thumb Code   388  __printf_flags_ss_wp.o(.text)
    _ll_udiv10                               0x08000975   Thumb Code   138  lludiv10.o(.text)
    _printf_int_common                       0x080009ff   Thumb Code   178  _printf_intcommon.o(.text)
    __lib_sel_fp_printf                      0x08000ab1   Thumb Code     2  _printf_fp_dec.o(.text)
    _printf_fp_dec_real                      0x08000c63   Thumb Code   620  _printf_fp_dec.o(.text)
    _printf_fp_hex_real                      0x08000ed1   Thumb Code   756  _printf_fp_hex.o(.text)
    _printf_cs_common                        0x080011cd   Thumb Code    20  _printf_char.o(.text)
    _printf_char                             0x080011e1   Thumb Code    16  _printf_char.o(.text)
    _printf_string                           0x080011f1   Thumb Code     8  _printf_char.o(.text)
    _printf_lcs_common                       0x080011f9   Thumb Code    20  _printf_wchar.o(.text)
    _printf_wchar                            0x0800120d   Thumb Code    16  _printf_wchar.o(.text)
    _printf_wstring                          0x0800121d   Thumb Code     8  _printf_wchar.o(.text)
    _wcrtomb                                 0x08001225   Thumb Code    64  _wcrtomb.o(.text)
    __user_setup_stackheap                   0x08001265   Thumb Code    74  sys_stackheap_outer.o(.text)
    __rt_ctype_table                         0x080012b1   Thumb Code    16  rt_ctype_table.o(.text)
    __rt_locale                              0x080012c1   Thumb Code     8  rt_locale_intlibspace.o(.text)
    _printf_fp_infnan                        0x080012c9   Thumb Code   112  _printf_fp_infnan.o(.text)
    _btod_etento                             0x08001349   Thumb Code   224  bigflt0.o(.text)
    exit                                     0x0800142d   Thumb Code    18  exit.o(.text)
    __user_libspace                          0x08001441   Thumb Code     8  libspace.o(.text)
    __user_perproc_libspace                  0x08001441   Thumb Code     0  libspace.o(.text)
    __user_perthread_libspace                0x08001441   Thumb Code     0  libspace.o(.text)
    strcmp                                   0x08001449   Thumb Code   128  strcmpv7m.o(.text)
    _sys_exit                                0x080014c9   Thumb Code     8  sys_exit.o(.text)
    __I$use$semihosting                      0x080014d5   Thumb Code     0  use_no_semi.o(.text)
    __use_no_semihosting_swi                 0x080014d5   Thumb Code     2  use_no_semi.o(.text)
    __semihosting_library_function           0x080014d7   Thumb Code     0  indicate_semi.o(.text)
    _btod_d2e                                0x080014d7   Thumb Code    62  btod.o(CL$$btod_d2e)
    _d2e_denorm_low                          0x08001515   Thumb Code    70  btod.o(CL$$btod_d2e_denorm_low)
    _d2e_norm_op1                            0x0800155b   Thumb Code    96  btod.o(CL$$btod_d2e_norm_op1)
    __btod_div_common                        0x080015bb   Thumb Code   696  btod.o(CL$$btod_div_common)
    _e2e                                     0x080018f3   Thumb Code   220  btod.o(CL$$btod_e2e)
    _btod_ediv                               0x080019cf   Thumb Code    42  btod.o(CL$$btod_ediv)
    _btod_emul                               0x080019f9   Thumb Code    42  btod.o(CL$$btod_emul)
    __btod_mult_common                       0x08001a23   Thumb Code   580  btod.o(CL$$btod_mult_common)
    BusFault_Handler                         0x08001c67   Thumb Code     4  stm32f1xx_it.o(i.BusFault_Handler)
    CAN1_RX1_IRQHandler                      0x08001c6d   Thumb Code    10  stm32f1xx_it.o(i.CAN1_RX1_IRQHandler)
    CAN_Init                                 0x08001c7d   Thumb Code    60  comm.o(i.CAN_Init)
    Comm_Task                                0x08001cbd   Thumb Code   178  comm.o(i.Comm_Task)
    DMA1_Channel1_IRQHandler                 0x08001ddd   Thumb Code    10  stm32f1xx_it.o(i.DMA1_Channel1_IRQHandler)
    DMA1_Channel3_IRQHandler                 0x08001ded   Thumb Code    10  stm32f1xx_it.o(i.DMA1_Channel3_IRQHandler)
    Data_Transmit                            0x08001e29   Thumb Code    44  sk6812.o(i.Data_Transmit)
    DebugMon_Handler                         0x08001e5d   Thumb Code     2  stm32f1xx_it.o(i.DebugMon_Handler)
    Error_Handler                            0x08001e5f   Thumb Code     6  main.o(i.Error_Handler)
    FLASH_PageErase                          0x08001e8d   Thumb Code    32  stm32f1xx_hal_flash_ex.o(i.FLASH_PageErase)
    FLASH_WaitForLastOperation               0x08001f59   Thumb Code   106  stm32f1xx_hal_flash.o(i.FLASH_WaitForLastOperation)
    Flash_Write16                            0x08001fc9   Thumb Code    54  flash.o(i.Flash_Write16)
    HAL_CAN_ActivateNotification             0x08001fff   Thumb Code    42  stm32f1xx_hal_can.o(i.HAL_CAN_ActivateNotification)
    HAL_CAN_AddTxMessage                     0x08002029   Thumb Code   342  stm32f1xx_hal_can.o(i.HAL_CAN_AddTxMessage)
    HAL_CAN_ConfigFilter                     0x0800217f   Thumb Code   266  stm32f1xx_hal_can.o(i.HAL_CAN_ConfigFilter)
    HAL_CAN_ErrorCallback                    0x08002289   Thumb Code     2  stm32f1xx_hal_can.o(i.HAL_CAN_ErrorCallback)
    HAL_CAN_GetRxMessage                     0x0800228b   Thumb Code   378  stm32f1xx_hal_can.o(i.HAL_CAN_GetRxMessage)
    HAL_CAN_IRQHandler                       0x08002405   Thumb Code   590  stm32f1xx_hal_can.o(i.HAL_CAN_IRQHandler)
    HAL_CAN_Init                             0x08002653   Thumb Code   372  stm32f1xx_hal_can.o(i.HAL_CAN_Init)
    HAL_CAN_MspInit                          0x080027c9   Thumb Code   138  can.o(i.HAL_CAN_MspInit)
    HAL_CAN_RxFifo0FullCallback              0x08002861   Thumb Code     2  stm32f1xx_hal_can.o(i.HAL_CAN_RxFifo0FullCallback)
    HAL_CAN_RxFifo0MsgPendingCallback        0x08002863   Thumb Code     2  stm32f1xx_hal_can.o(i.HAL_CAN_RxFifo0MsgPendingCallback)
    HAL_CAN_RxFifo1FullCallback              0x08002865   Thumb Code     2  stm32f1xx_hal_can.o(i.HAL_CAN_RxFifo1FullCallback)
    HAL_CAN_RxFifo1MsgPendingCallback        0x08002869   Thumb Code    60  comm.o(i.HAL_CAN_RxFifo1MsgPendingCallback)
    HAL_CAN_SleepCallback                    0x080028ad   Thumb Code     2  stm32f1xx_hal_can.o(i.HAL_CAN_SleepCallback)
    HAL_CAN_Start                            0x080028af   Thumb Code    94  stm32f1xx_hal_can.o(i.HAL_CAN_Start)
    HAL_CAN_TxMailbox0AbortCallback          0x0800290d   Thumb Code     2  stm32f1xx_hal_can.o(i.HAL_CAN_TxMailbox0AbortCallback)
    HAL_CAN_TxMailbox0CompleteCallback       0x0800290f   Thumb Code     2  stm32f1xx_hal_can.o(i.HAL_CAN_TxMailbox0CompleteCallback)
    HAL_CAN_TxMailbox1AbortCallback          0x08002911   Thumb Code     2  stm32f1xx_hal_can.o(i.HAL_CAN_TxMailbox1AbortCallback)
    HAL_CAN_TxMailbox1CompleteCallback       0x08002913   Thumb Code     2  stm32f1xx_hal_can.o(i.HAL_CAN_TxMailbox1CompleteCallback)
    HAL_CAN_TxMailbox2AbortCallback          0x08002915   Thumb Code     2  stm32f1xx_hal_can.o(i.HAL_CAN_TxMailbox2AbortCallback)
    HAL_CAN_TxMailbox2CompleteCallback       0x08002917   Thumb Code     2  stm32f1xx_hal_can.o(i.HAL_CAN_TxMailbox2CompleteCallback)
    HAL_CAN_WakeUpFromRxMsgCallback          0x08002919   Thumb Code     2  stm32f1xx_hal_can.o(i.HAL_CAN_WakeUpFromRxMsgCallback)
    HAL_DMA_IRQHandler                       0x0800291d   Thumb Code   408  stm32f1xx_hal_dma.o(i.HAL_DMA_IRQHandler)
    HAL_DMA_Init                             0x08002ab9   Thumb Code   100  stm32f1xx_hal_dma.o(i.HAL_DMA_Init)
    HAL_DMA_Start_IT                         0x08002b21   Thumb Code   156  stm32f1xx_hal_dma.o(i.HAL_DMA_Start_IT)
    HAL_FLASHEx_Erase                        0x08002bbd   Thumb Code   168  stm32f1xx_hal_flash_ex.o(i.HAL_FLASHEx_Erase)
    HAL_FLASH_Lock                           0x08002c6d   Thumb Code    16  stm32f1xx_hal_flash.o(i.HAL_FLASH_Lock)
    HAL_FLASH_Program                        0x08002c81   Thumb Code   168  stm32f1xx_hal_flash.o(i.HAL_FLASH_Program)
    HAL_FLASH_Unlock                         0x08002d31   Thumb Code    36  stm32f1xx_hal_flash.o(i.HAL_FLASH_Unlock)
    HAL_GPIO_Init                            0x08002d61   Thumb Code   766  stm32f1xx_hal_gpio.o(i.HAL_GPIO_Init)
    HAL_GPIO_ReadPin                         0x08003081   Thumb Code    16  stm32f1xx_hal_gpio.o(i.HAL_GPIO_ReadPin)
    HAL_GPIO_WritePin                        0x08003091   Thumb Code    12  stm32f1xx_hal_gpio.o(i.HAL_GPIO_WritePin)
    HAL_GetTick                              0x0800309d   Thumb Code     6  stm32f1xx_hal.o(i.HAL_GetTick)
    HAL_IncTick                              0x080030a9   Thumb Code    16  stm32f1xx_hal.o(i.HAL_IncTick)
    HAL_Init                                 0x080030c1   Thumb Code    34  stm32f1xx_hal.o(i.HAL_Init)
    HAL_InitTick                             0x080030e9   Thumb Code   160  stm32f1xx_hal_timebase_tim.o(i.HAL_InitTick)
    HAL_MspInit                              0x08003199   Thumb Code    86  stm32f1xx_hal_msp.o(i.HAL_MspInit)
    HAL_NVIC_EnableIRQ                       0x080031f9   Thumb Code    32  stm32f1xx_hal_cortex.o(i.HAL_NVIC_EnableIRQ)
    HAL_NVIC_SetPriority                     0x08003219   Thumb Code   124  stm32f1xx_hal_cortex.o(i.HAL_NVIC_SetPriority)
    HAL_NVIC_SetPriorityGrouping             0x08003295   Thumb Code    32  stm32f1xx_hal_cortex.o(i.HAL_NVIC_SetPriorityGrouping)
    HAL_RCC_ClockConfig                      0x080032bd   Thumb Code   376  stm32f1xx_hal_rcc.o(i.HAL_RCC_ClockConfig)
    HAL_RCC_GetClockConfig                   0x08003449   Thumb Code    58  stm32f1xx_hal_rcc.o(i.HAL_RCC_GetClockConfig)
    HAL_RCC_GetHCLKFreq                      0x0800348d   Thumb Code     6  stm32f1xx_hal_rcc.o(i.HAL_RCC_GetHCLKFreq)
    HAL_RCC_GetPCLK1Freq                     0x08003499   Thumb Code    22  stm32f1xx_hal_rcc.o(i.HAL_RCC_GetPCLK1Freq)
    HAL_RCC_GetPCLK2Freq                     0x080034b9   Thumb Code    22  stm32f1xx_hal_rcc.o(i.HAL_RCC_GetPCLK2Freq)
    HAL_RCC_GetSysClockFreq                  0x080034d9   Thumb Code   116  stm32f1xx_hal_rcc.o(i.HAL_RCC_GetSysClockFreq)
    HAL_RCC_OscConfig                        0x0800356d   Thumb Code  1114  stm32f1xx_hal_rcc.o(i.HAL_RCC_OscConfig)
    HAL_TIMEx_BreakCallback                  0x080039d1   Thumb Code     2  stm32f1xx_hal_tim_ex.o(i.HAL_TIMEx_BreakCallback)
    HAL_TIMEx_CommutCallback                 0x080039d3   Thumb Code     2  stm32f1xx_hal_tim_ex.o(i.HAL_TIMEx_CommutCallback)
    HAL_TIMEx_MasterConfigSynchronization    0x080039d5   Thumb Code   118  stm32f1xx_hal_tim_ex.o(i.HAL_TIMEx_MasterConfigSynchronization)
    HAL_TIM_Base_Init                        0x08003a59   Thumb Code   102  stm32f1xx_hal_tim.o(i.HAL_TIM_Base_Init)
    HAL_TIM_Base_MspInit                     0x08003ac1   Thumb Code   244  tim.o(i.HAL_TIM_Base_MspInit)
    HAL_TIM_Base_Start_IT                    0x08003bd1   Thumb Code   106  stm32f1xx_hal_tim.o(i.HAL_TIM_Base_Start_IT)
    HAL_TIM_ConfigClockSource                0x08003c49   Thumb Code   264  stm32f1xx_hal_tim.o(i.HAL_TIM_ConfigClockSource)
    HAL_TIM_ErrorCallback                    0x08003d51   Thumb Code     2  stm32f1xx_hal_tim.o(i.HAL_TIM_ErrorCallback)
    HAL_TIM_IC_CaptureCallback               0x08003d53   Thumb Code     2  stm32f1xx_hal_tim.o(i.HAL_TIM_IC_CaptureCallback)
    HAL_TIM_IRQHandler                       0x08003d55   Thumb Code   406  stm32f1xx_hal_tim.o(i.HAL_TIM_IRQHandler)
    HAL_TIM_MspPostInit                      0x08003eed   Thumb Code   128  tim.o(i.HAL_TIM_MspPostInit)
    HAL_TIM_OC_DelayElapsedCallback          0x08003f7d   Thumb Code     2  stm32f1xx_hal_tim.o(i.HAL_TIM_OC_DelayElapsedCallback)
    HAL_TIM_PWM_ConfigChannel                0x08003f7f   Thumb Code   252  stm32f1xx_hal_tim.o(i.HAL_TIM_PWM_ConfigChannel)
    HAL_TIM_PWM_Init                         0x0800407b   Thumb Code   102  stm32f1xx_hal_tim.o(i.HAL_TIM_PWM_Init)
    HAL_TIM_PWM_MspInit                      0x080040e1   Thumb Code     2  stm32f1xx_hal_tim.o(i.HAL_TIM_PWM_MspInit)
    HAL_TIM_PWM_PulseFinishedCallback        0x080040e3   Thumb Code     2  stm32f1xx_hal_tim.o(i.HAL_TIM_PWM_PulseFinishedCallback)
    HAL_TIM_PWM_PulseFinishedHalfCpltCallback 0x080040e5   Thumb Code     2  stm32f1xx_hal_tim.o(i.HAL_TIM_PWM_PulseFinishedHalfCpltCallback)
    HAL_TIM_PWM_Start_DMA                    0x080040e9   Thumb Code   490  stm32f1xx_hal_tim.o(i.HAL_TIM_PWM_Start_DMA)
    HAL_TIM_PeriodElapsedCallback            0x080042ed   Thumb Code    18  main.o(i.HAL_TIM_PeriodElapsedCallback)
    HAL_TIM_TriggerCallback                  0x080042ff   Thumb Code     2  stm32f1xx_hal_tim.o(i.HAL_TIM_TriggerCallback)
    HAL_UART_Init                            0x08004301   Thumb Code   114  stm32f1xx_hal_uart.o(i.HAL_UART_Init)
    HAL_UART_MspInit                         0x08004375   Thumb Code   226  usart.o(i.HAL_UART_MspInit)
    HAL_UART_Transmit                        0x0800446d   Thumb Code   210  stm32f1xx_hal_uart.o(i.HAL_UART_Transmit)
    HX711_Read                               0x08004541   Thumb Code   438  hx711.o(i.HX711_Read)
    HX711_Task                               0x08004701   Thumb Code   222  hx711.o(i.HX711_Task)
    HardFault_Handler                        0x08004801   Thumb Code     4  stm32f1xx_it.o(i.HardFault_Handler)
    MX_CAN_Init                              0x08004805   Thumb Code    58  can.o(i.MX_CAN_Init)
    MX_DMA_Init                              0x08004849   Thumb Code    64  dma.o(i.MX_DMA_Init)
    MX_FREERTOS_Init                         0x0800488d   Thumb Code   102  freertos.o(i.MX_FREERTOS_Init)
    MX_GPIO_Init                             0x08004909   Thumb Code   208  gpio.o(i.MX_GPIO_Init)
    MX_TIM1_Init                             0x080049e5   Thumb Code   102  tim.o(i.MX_TIM1_Init)
    MX_TIM3_Init                             0x08004a55   Thumb Code   152  tim.o(i.MX_TIM3_Init)
    MX_TIM4_Init                             0x08004af5   Thumb Code   152  tim.o(i.MX_TIM4_Init)
    MX_USART1_UART_Init                      0x08004b95   Thumb Code    46  usart.o(i.MX_USART1_UART_Init)
    MX_USART3_UART_Init                      0x08004bcd   Thumb Code    46  usart.o(i.MX_USART3_UART_Init)
    MemManage_Handler                        0x08004c05   Thumb Code     4  stm32f1xx_it.o(i.MemManage_Handler)
    NMI_Handler                              0x08004c09   Thumb Code     4  stm32f1xx_it.o(i.NMI_Handler)
    Protocol_Send_CAN                        0x08004c0d   Thumb Code    72  comm.o(i.Protocol_Send_CAN)
    SK6812_LEDS_Blink                        0x08004c91   Thumb Code    40  sk6812.o(i.SK6812_LEDS_Blink)
    SK6812_LEDS_Reset                        0x08004cb9   Thumb Code    58  sk6812.o(i.SK6812_LEDS_Reset)
    SK6812_LEDS_Set                          0x08004cf9   Thumb Code   268  sk6812.o(i.SK6812_LEDS_Set)
    SK6812_LEDS_Task                         0x08004e1d   Thumb Code   102  sk6812.o(i.SK6812_LEDS_Task)
    Set_SINGLE_LED_RGB                       0x08004e91   Thumb Code    58  sk6812.o(i.Set_SINGLE_LED_RGB)
    SysTick_Handler                          0x08004ed1   Thumb Code    46  port.o(i.SysTick_Handler)
    SystemClock_Config                       0x08004f05   Thumb Code   102  main.o(i.SystemClock_Config)
    SystemInit                               0x08004f6b   Thumb Code     2  system_stm32f1xx.o(i.SystemInit)
    TIM2_IRQHandler                          0x08004f6d   Thumb Code    10  stm32f1xx_it.o(i.TIM2_IRQHandler)
    TIM_Base_SetConfig                       0x08004f7d   Thumb Code   104  stm32f1xx_hal_tim.o(i.TIM_Base_SetConfig)
    TIM_CCxChannelCmd                        0x08004ff1   Thumb Code    34  stm32f1xx_hal_tim.o(i.TIM_CCxChannelCmd)
    TIM_DMADelayPulseHalfCplt                0x0800507b   Thumb Code    64  stm32f1xx_hal_tim.o(i.TIM_DMADelayPulseHalfCplt)
    TIM_DMAError                             0x080050bb   Thumb Code    94  stm32f1xx_hal_tim.o(i.TIM_DMAError)
    TIM_ETR_SetConfig                        0x08005119   Thumb Code    22  stm32f1xx_hal_tim.o(i.TIM_ETR_SetConfig)
    TIM_OC2_SetConfig                        0x080051a1   Thumb Code   100  stm32f1xx_hal_tim.o(i.TIM_OC2_SetConfig)
    UsageFault_Handler                       0x08005471   Thumb Code     4  stm32f1xx_it.o(i.UsageFault_Handler)
    User_Task                                0x08005475   Thumb Code   512  user.o(i.User_Task)
    __ARM_fpclassify                         0x080056a9   Thumb Code    40  fpclassify.o(i.__ARM_fpclassify)
    _is_digit                                0x08005709   Thumb Code    14  __printf_wp.o(i._is_digit)
    main                                     0x08005717   Thumb Code    52  main.o(i.main)
    osDelay                                  0x08005759   Thumb Code    24  cmsis_os.o(i.osDelay)
    osKernelStart                            0x08005771   Thumb Code    10  cmsis_os.o(i.osKernelStart)
    osThreadCreate                           0x0800577b   Thumb Code    94  cmsis_os.o(i.osThreadCreate)
    pvPortMalloc                             0x08005c51   Thumb Code   296  heap_4.o(i.pvPortMalloc)
    pxPortInitialiseStack                    0x08005d8d   Thumb Code    30  port.o(i.pxPortInitialiseStack)
    usart_printf                             0x08005db1   Thumb Code    52  comm.o(i.usart_printf)
    uxListRemove                             0x08005df5   Thumb Code    40  list.o(i.uxListRemove)
    vApplicationGetIdleTaskMemory            0x08005e1d   Thumb Code    14  freertos.o(i.vApplicationGetIdleTaskMemory)
    vListInitialise                          0x08005e35   Thumb Code    26  list.o(i.vListInitialise)
    vListInitialiseItem                      0x08005e4f   Thumb Code     6  list.o(i.vListInitialiseItem)
    vListInsert                              0x08005e55   Thumb Code    52  list.o(i.vListInsert)
    vListInsertEnd                           0x08005e89   Thumb Code    24  list.o(i.vListInsertEnd)
    vPortEnterCritical                       0x08005ea1   Thumb Code    76  port.o(i.vPortEnterCritical)
    vPortExitCritical                        0x08005ef5   Thumb Code    56  port.o(i.vPortExitCritical)
    vPortFree                                0x08005f31   Thumb Code   140  heap_4.o(i.vPortFree)
    vPortSetupTimerInterrupt                 0x08005fc5   Thumb Code    36  port.o(i.vPortSetupTimerInterrupt)
    vTaskDelay                               0x08005fed   Thumb Code    82  tasks.o(i.vTaskDelay)
    vTaskStartScheduler                      0x08006049   Thumb Code   146  tasks.o(i.vTaskStartScheduler)
    vTaskSuspendAll                          0x080060f9   Thumb Code    12  tasks.o(i.vTaskSuspendAll)
    vTaskSwitchContext                       0x08006109   Thumb Code   118  tasks.o(i.vTaskSwitchContext)
    xPortStartScheduler                      0x08006195   Thumb Code   228  port.o(i.xPortStartScheduler)
    xTaskCreate                              0x0800628d   Thumb Code   100  tasks.o(i.xTaskCreate)
    xTaskCreateStatic                        0x080062f1   Thumb Code   184  tasks.o(i.xTaskCreateStatic)
    xTaskIncrementTick                       0x080063a9   Thumb Code   282  tasks.o(i.xTaskIncrementTick)
    xTaskResumeAll                           0x080064f1   Thumb Code   224  tasks.o(i.xTaskResumeAll)
    _get_lc_numeric                          0x080065f5   Thumb Code    44  lc_numeric_c.o(locale$$code)
    _get_lc_ctype                            0x08006621   Thumb Code    44  lc_ctype_c.o(locale$$code)
    __aeabi_dadd                             0x0800664d   Thumb Code     0  daddsub_clz.o(x$fpl$dadd)
    _dadd                                    0x0800664d   Thumb Code   332  daddsub_clz.o(x$fpl$dadd)
    __fpl_dcmp_Inf                           0x0800679d   Thumb Code    24  dcmpi.o(x$fpl$dcmpinf)
    __aeabi_i2d                              0x080067b5   Thumb Code     0  dflt_clz.o(x$fpl$dflt)
    _dflt                                    0x080067b5   Thumb Code    46  dflt_clz.o(x$fpl$dflt)
    __aeabi_cdcmple                          0x080067e5   Thumb Code     0  dleqf.o(x$fpl$dleqf)
    _dcmple                                  0x080067e5   Thumb Code   120  dleqf.o(x$fpl$dleqf)
    __fpl_dcmple_InfNaN                      0x08006847   Thumb Code     0  dleqf.o(x$fpl$dleqf)
    __fpl_dnaninf                            0x0800685d   Thumb Code   156  dnaninf.o(x$fpl$dnaninf)
    __fpl_dretinf                            0x080068f9   Thumb Code    12  dretinf.o(x$fpl$dretinf)
    __aeabi_dsub                             0x08006905   Thumb Code     0  daddsub_clz.o(x$fpl$dsub)
    _dsub                                    0x08006905   Thumb Code   464  daddsub_clz.o(x$fpl$dsub)
    __aeabi_f2uiz                            0x08006ad9   Thumb Code     0  ffixu.o(x$fpl$ffixu)
    _ffixu                                   0x08006ad9   Thumb Code    62  ffixu.o(x$fpl$ffixu)
    __fpl_fnaninf                            0x08006b17   Thumb Code   140  fnaninf.o(x$fpl$fnaninf)
    _printf_fp_dec                           0x08006ba3   Thumb Code     4  printf1.o(x$fpl$printf1)
    _printf_fp_hex                           0x08006ba7   Thumb Code     4  printf2.o(x$fpl$printf2)
    __I$use$fp                               0x08006baa   Number         0  usenofp.o(x$fpl$usenofp)
    AHBPrescTable                            0x08006c1c   Data          16  system_stm32f1xx.o(.constdata)
    APBPrescTable                            0x08006c2c   Data           8  system_stm32f1xx.o(.constdata)
    Region$$Table$$Base                      0x08006d50   Number         0  anon$$obj.o(Region$$Table)
    Region$$Table$$Limit                     0x08006d70   Number         0  anon$$obj.o(Region$$Table)
    __ctype                                  0x08006d99   Data           0  lc_ctype_c.o(locale$$data)
    SK6812Handle                             0x20000000   Data           4  freertos.o(.data)
    HX711Handle                              0x20000004   Data           4  freertos.o(.data)
    UserHandle                               0x20000008   Data           4  freertos.o(.data)
    COMMHandle                               0x2000000c   Data           4  freertos.o(.data)
    hx711_hit                                0x20000010   Data           4  hx711.o(.data)
    hx711_press                              0x20000014   Data           4  hx711.o(.data)
    color                                    0x20000018   Data           1  sk6812.o(.data)
    light_on                                 0x20000019   Data           1  sk6812.o(.data)
    blinked                                  0x2000001a   Data           1  sk6812.o(.data)
    press_cnt                                0x2000001c   Data           2  user.o(.data)
    up_cnt                                   0x2000001e   Data           2  user.o(.data)
    setting_cnt                              0x20000020   Data           2  user.o(.data)
    mode                                     0x20000022   Data           1  user.o(.data)
    can_id                                   0x20000023   Data           1  user.o(.data)
    state                                    0x20000024   Data           1  user.o(.data)
    time_cnt                                 0x20000026   Data           2  user.o(.data)
    uwTick                                   0x20000038   Data           4  stm32f1xx_hal.o(.data)
    uwTickPrio                               0x2000003c   Data           4  stm32f1xx_hal.o(.data)
    uwTickFreq                               0x20000040   Data           1  stm32f1xx_hal.o(.data)
    SystemCoreClock                          0x20000044   Data           4  system_stm32f1xx.o(.data)
    pxCurrentTCB                             0x20000048   Data           4  tasks.o(.data)
    hcan                                     0x200002fc   Data          40  can.o(.bss)
    htim1                                    0x20000324   Data          72  tim.o(.bss)
    htim3                                    0x2000036c   Data          72  tim.o(.bss)
    htim4                                    0x200003b4   Data          72  tim.o(.bss)
    hdma_tim3_ch4_up                         0x200003fc   Data          68  tim.o(.bss)
    hdma_tim4_ch1                            0x20000440   Data          68  tim.o(.bss)
    huart1                                   0x20000484   Data          68  usart.o(.bss)
    huart3                                   0x200004c8   Data          68  usart.o(.bss)
    htim2                                    0x2000050c   Data          72  stm32f1xx_hal_timebase_tim.o(.bss)
    hx711_data                               0x20000554   Data          16  hx711.o(.bss)
    hit_data                                 0x20000564   Data          16  hx711.o(.bss)
    last_data                                0x20000574   Data          16  hx711.o(.bss)
    buf                                      0x20000584   Data         100  hx711.o(.bss)
    led_buf                                  0x200005e8   Data         612  sk6812.o(.bss)
    pFlash                                   0x20000968   Data          32  stm32f1xx_hal_flash.o(.bss)
    __libspace_start                         0x20001678   Data          96  libspace.o(.bss)
    __temporary_stack_top$libspace           0x200016d8   Data           0  libspace.o(.bss)



==============================================================================

Memory Map of the image

  Image Entry point : 0x080000ed

  Load Region LR_IROM1 (Base: 0x08000000, Size: 0x00006f44, Max: 0x00010000, ABSOLUTE)

    Execution Region ER_IROM1 (Exec base: 0x08000000, Load base: 0x08000000, Size: 0x00006e9c, Max: 0x00010000, ABSOLUTE)

    Exec Addr    Load Addr    Size         Type   Attr      Idx    E Section Name        Object

    0x08000000   0x08000000   0x000000ec   Data   RO            3    RESET               startup_stm32f103xb.o
    0x080000ec   0x080000ec   0x00000008   Code   RO         4917  * !!!main             c_w.l(__main.o)
    0x080000f4   0x080000f4   0x00000034   Code   RO         5268    !!!scatter          c_w.l(__scatter.o)
    0x08000128   0x08000128   0x0000001a   Code   RO         5270    !!handler_copy      c_w.l(__scatter_copy.o)
    0x08000142   0x08000142   0x00000002   PAD
    0x08000144   0x08000144   0x0000001c   Code   RO         5272    !!handler_zi        c_w.l(__scatter_zi.o)
    0x08000160   0x08000160   0x00000000   Code   RO         5019    .ARM.Collect$$_printf_percent$$00000000  c_w.l(_printf_percent.o)
    0x08000160   0x08000160   0x00000006   Code   RO         5008    .ARM.Collect$$_printf_percent$$00000001  c_w.l(_printf_n.o)
    0x08000166   0x08000166   0x00000006   Code   RO         5010    .ARM.Collect$$_printf_percent$$00000002  c_w.l(_printf_p.o)
    0x0800016c   0x0800016c   0x00000006   Code   RO         5015    .ARM.Collect$$_printf_percent$$00000003  c_w.l(_printf_f.o)
    0x08000172   0x08000172   0x00000006   Code   RO         5016    .ARM.Collect$$_printf_percent$$00000004  c_w.l(_printf_e.o)
    0x08000178   0x08000178   0x00000006   Code   RO         5017    .ARM.Collect$$_printf_percent$$00000005  c_w.l(_printf_g.o)
    0x0800017e   0x0800017e   0x00000006   Code   RO         5018    .ARM.Collect$$_printf_percent$$00000006  c_w.l(_printf_a.o)
    0x08000184   0x08000184   0x0000000a   Code   RO         5023    .ARM.Collect$$_printf_percent$$00000007  c_w.l(_printf_ll.o)
    0x0800018e   0x0800018e   0x00000006   Code   RO         5012    .ARM.Collect$$_printf_percent$$00000008  c_w.l(_printf_i.o)
    0x08000194   0x08000194   0x00000006   Code   RO         5013    .ARM.Collect$$_printf_percent$$00000009  c_w.l(_printf_d.o)
    0x0800019a   0x0800019a   0x00000006   Code   RO         5014    .ARM.Collect$$_printf_percent$$0000000A  c_w.l(_printf_u.o)
    0x080001a0   0x080001a0   0x00000006   Code   RO         5011    .ARM.Collect$$_printf_percent$$0000000B  c_w.l(_printf_o.o)
    0x080001a6   0x080001a6   0x00000006   Code   RO         5009    .ARM.Collect$$_printf_percent$$0000000C  c_w.l(_printf_x.o)
    0x080001ac   0x080001ac   0x00000006   Code   RO         5020    .ARM.Collect$$_printf_percent$$0000000D  c_w.l(_printf_lli.o)
    0x080001b2   0x080001b2   0x00000006   Code   RO         5021    .ARM.Collect$$_printf_percent$$0000000E  c_w.l(_printf_lld.o)
    0x080001b8   0x080001b8   0x00000006   Code   RO         5022    .ARM.Collect$$_printf_percent$$0000000F  c_w.l(_printf_llu.o)
    0x080001be   0x080001be   0x00000006   Code   RO         5027    .ARM.Collect$$_printf_percent$$00000010  c_w.l(_printf_llo.o)
    0x080001c4   0x080001c4   0x00000006   Code   RO         5028    .ARM.Collect$$_printf_percent$$00000011  c_w.l(_printf_llx.o)
    0x080001ca   0x080001ca   0x0000000a   Code   RO         5024    .ARM.Collect$$_printf_percent$$00000012  c_w.l(_printf_l.o)
    0x080001d4   0x080001d4   0x00000006   Code   RO         5006    .ARM.Collect$$_printf_percent$$00000013  c_w.l(_printf_c.o)
    0x080001da   0x080001da   0x00000006   Code   RO         5007    .ARM.Collect$$_printf_percent$$00000014  c_w.l(_printf_s.o)
    0x080001e0   0x080001e0   0x00000006   Code   RO         5025    .ARM.Collect$$_printf_percent$$00000015  c_w.l(_printf_lc.o)
    0x080001e6   0x080001e6   0x00000006   Code   RO         5026    .ARM.Collect$$_printf_percent$$00000016  c_w.l(_printf_ls.o)
    0x080001ec   0x080001ec   0x00000004   Code   RO         5078    .ARM.Collect$$_printf_percent$$00000017  c_w.l(_printf_percent_end.o)
    0x080001f0   0x080001f0   0x00000002   Code   RO         5127    .ARM.Collect$$libinit$$00000000  c_w.l(libinit.o)
    0x080001f2   0x080001f2   0x00000000   Code   RO         5143    .ARM.Collect$$libinit$$00000002  c_w.l(libinit2.o)
    0x080001f2   0x080001f2   0x00000000   Code   RO         5145    .ARM.Collect$$libinit$$00000004  c_w.l(libinit2.o)
    0x080001f2   0x080001f2   0x00000000   Code   RO         5148    .ARM.Collect$$libinit$$0000000A  c_w.l(libinit2.o)
    0x080001f2   0x080001f2   0x00000000   Code   RO         5150    .ARM.Collect$$libinit$$0000000C  c_w.l(libinit2.o)
    0x080001f2   0x080001f2   0x00000000   Code   RO         5152    .ARM.Collect$$libinit$$0000000E  c_w.l(libinit2.o)
    0x080001f2   0x080001f2   0x00000006   Code   RO         5153    .ARM.Collect$$libinit$$0000000F  c_w.l(libinit2.o)
    0x080001f8   0x080001f8   0x00000000   Code   RO         5155    .ARM.Collect$$libinit$$00000011  c_w.l(libinit2.o)
    0x080001f8   0x080001f8   0x0000000c   Code   RO         5156    .ARM.Collect$$libinit$$00000012  c_w.l(libinit2.o)
    0x08000204   0x08000204   0x00000000   Code   RO         5157    .ARM.Collect$$libinit$$00000013  c_w.l(libinit2.o)
    0x08000204   0x08000204   0x00000000   Code   RO         5159    .ARM.Collect$$libinit$$00000015  c_w.l(libinit2.o)
    0x08000204   0x08000204   0x0000000a   Code   RO         5160    .ARM.Collect$$libinit$$00000016  c_w.l(libinit2.o)
    0x0800020e   0x0800020e   0x00000000   Code   RO         5161    .ARM.Collect$$libinit$$00000017  c_w.l(libinit2.o)
    0x0800020e   0x0800020e   0x00000000   Code   RO         5163    .ARM.Collect$$libinit$$00000019  c_w.l(libinit2.o)
    0x0800020e   0x0800020e   0x00000000   Code   RO         5165    .ARM.Collect$$libinit$$0000001B  c_w.l(libinit2.o)
    0x0800020e   0x0800020e   0x00000000   Code   RO         5167    .ARM.Collect$$libinit$$0000001D  c_w.l(libinit2.o)
    0x0800020e   0x0800020e   0x00000000   Code   RO         5169    .ARM.Collect$$libinit$$0000001F  c_w.l(libinit2.o)
    0x0800020e   0x0800020e   0x00000000   Code   RO         5171    .ARM.Collect$$libinit$$00000021  c_w.l(libinit2.o)
    0x0800020e   0x0800020e   0x00000000   Code   RO         5173    .ARM.Collect$$libinit$$00000023  c_w.l(libinit2.o)
    0x0800020e   0x0800020e   0x00000000   Code   RO         5175    .ARM.Collect$$libinit$$00000025  c_w.l(libinit2.o)
    0x0800020e   0x0800020e   0x00000000   Code   RO         5179    .ARM.Collect$$libinit$$0000002C  c_w.l(libinit2.o)
    0x0800020e   0x0800020e   0x00000000   Code   RO         5181    .ARM.Collect$$libinit$$0000002E  c_w.l(libinit2.o)
    0x0800020e   0x0800020e   0x00000000   Code   RO         5183    .ARM.Collect$$libinit$$00000030  c_w.l(libinit2.o)
    0x0800020e   0x0800020e   0x00000000   Code   RO         5185    .ARM.Collect$$libinit$$00000032  c_w.l(libinit2.o)
    0x0800020e   0x0800020e   0x00000002   Code   RO         5186    .ARM.Collect$$libinit$$00000033  c_w.l(libinit2.o)
    0x08000210   0x08000210   0x00000002   Code   RO         5206    .ARM.Collect$$libshutdown$$00000000  c_w.l(libshutdown.o)
    0x08000212   0x08000212   0x00000000   Code   RO         5219    .ARM.Collect$$libshutdown$$00000002  c_w.l(libshutdown2.o)
    0x08000212   0x08000212   0x00000000   Code   RO         5221    .ARM.Collect$$libshutdown$$00000004  c_w.l(libshutdown2.o)
    0x08000212   0x08000212   0x00000000   Code   RO         5223    .ARM.Collect$$libshutdown$$00000006  c_w.l(libshutdown2.o)
    0x08000212   0x08000212   0x00000000   Code   RO         5226    .ARM.Collect$$libshutdown$$00000009  c_w.l(libshutdown2.o)
    0x08000212   0x08000212   0x00000000   Code   RO         5229    .ARM.Collect$$libshutdown$$0000000C  c_w.l(libshutdown2.o)
    0x08000212   0x08000212   0x00000000   Code   RO         5231    .ARM.Collect$$libshutdown$$0000000E  c_w.l(libshutdown2.o)
    0x08000212   0x08000212   0x00000000   Code   RO         5234    .ARM.Collect$$libshutdown$$00000011  c_w.l(libshutdown2.o)
    0x08000212   0x08000212   0x00000002   Code   RO         5235    .ARM.Collect$$libshutdown$$00000012  c_w.l(libshutdown2.o)
    0x08000214   0x08000214   0x00000000   Code   RO         4937    .ARM.Collect$$rtentry$$00000000  c_w.l(__rtentry.o)
    0x08000214   0x08000214   0x00000000   Code   RO         5049    .ARM.Collect$$rtentry$$00000002  c_w.l(__rtentry2.o)
    0x08000214   0x08000214   0x00000006   Code   RO         5061    .ARM.Collect$$rtentry$$00000004  c_w.l(__rtentry4.o)
    0x0800021a   0x0800021a   0x00000000   Code   RO         5051    .ARM.Collect$$rtentry$$00000009  c_w.l(__rtentry2.o)
    0x0800021a   0x0800021a   0x00000004   Code   RO         5052    .ARM.Collect$$rtentry$$0000000A  c_w.l(__rtentry2.o)
    0x0800021e   0x0800021e   0x00000000   Code   RO         5054    .ARM.Collect$$rtentry$$0000000C  c_w.l(__rtentry2.o)
    0x0800021e   0x0800021e   0x00000008   Code   RO         5055    .ARM.Collect$$rtentry$$0000000D  c_w.l(__rtentry2.o)
    0x08000226   0x08000226   0x00000002   Code   RO         5135    .ARM.Collect$$rtexit$$00000000  c_w.l(rtexit.o)
    0x08000228   0x08000228   0x00000000   Code   RO         5188    .ARM.Collect$$rtexit$$00000002  c_w.l(rtexit2.o)
    0x08000228   0x08000228   0x00000004   Code   RO         5189    .ARM.Collect$$rtexit$$00000003  c_w.l(rtexit2.o)
    0x0800022c   0x0800022c   0x00000006   Code   RO         5190    .ARM.Collect$$rtexit$$00000004  c_w.l(rtexit2.o)
    0x08000232   0x08000232   0x00000002   PAD
    0x08000234   0x08000234   0x00000096   Code   RO         4824    .emb_text           port.o
    0x080002ca   0x080002ca   0x00000002   PAD
    0x080002cc   0x080002cc   0x00000040   Code   RO            4    .text               startup_stm32f103xb.o
    0x0800030c   0x0800030c   0x00000026   Code   RO         4903    .text               c_w.l(llushr.o)
    0x08000332   0x08000332   0x00000002   PAD
    0x08000334   0x08000334   0x00000024   Code   RO         4905    .text               c_w.l(vsprintf.o)
    0x08000358   0x08000358   0x00000064   Code   RO         4909    .text               c_w.l(rt_memcpy_w.o)
    0x080003bc   0x080003bc   0x0000004e   Code   RO         4913    .text               c_w.l(rt_memclr_w.o)
    0x0800040a   0x0800040a   0x00000006   Code   RO         4915    .text               c_w.l(heapauxi.o)
    0x08000410   0x08000410   0x0000004e   Code   RO         4940    .text               c_w.l(_printf_pad.o)
    0x0800045e   0x0800045e   0x00000024   Code   RO         4942    .text               c_w.l(_printf_truncate.o)
    0x08000482   0x08000482   0x00000052   Code   RO         4944    .text               c_w.l(_printf_str.o)
    0x080004d4   0x080004d4   0x00000078   Code   RO         4946    .text               c_w.l(_printf_dec.o)
    0x0800054c   0x0800054c   0x00000028   Code   RO         4948    .text               c_w.l(_printf_charcount.o)
    0x08000574   0x08000574   0x00000030   Code   RO         4950    .text               c_w.l(_printf_char_common.o)
    0x080005a4   0x080005a4   0x0000000a   Code   RO         4952    .text               c_w.l(_sputc.o)
    0x080005ae   0x080005ae   0x00000002   PAD
    0x080005b0   0x080005b0   0x000000bc   Code   RO         4954    .text               c_w.l(_printf_wctomb.o)
    0x0800066c   0x0800066c   0x0000007c   Code   RO         4957    .text               c_w.l(_printf_longlong_dec.o)
    0x080006e8   0x080006e8   0x00000070   Code   RO         4963    .text               c_w.l(_printf_oct_int_ll.o)
    0x08000758   0x08000758   0x00000094   Code   RO         4983    .text               c_w.l(_printf_hex_int_ll_ptr.o)
    0x080007ec   0x080007ec   0x00000188   Code   RO         5003    .text               c_w.l(__printf_flags_ss_wp.o)
    0x08000974   0x08000974   0x0000008a   Code   RO         5063    .text               c_w.l(lludiv10.o)
    0x080009fe   0x080009fe   0x000000b2   Code   RO         5065    .text               c_w.l(_printf_intcommon.o)
    0x08000ab0   0x08000ab0   0x0000041e   Code   RO         5067    .text               c_w.l(_printf_fp_dec.o)
    0x08000ece   0x08000ece   0x00000002   PAD
    0x08000ed0   0x08000ed0   0x000002fc   Code   RO         5069    .text               c_w.l(_printf_fp_hex.o)
    0x080011cc   0x080011cc   0x0000002c   Code   RO         5074    .text               c_w.l(_printf_char.o)
    0x080011f8   0x080011f8   0x0000002c   Code   RO         5076    .text               c_w.l(_printf_wchar.o)
    0x08001224   0x08001224   0x00000040   Code   RO         5079    .text               c_w.l(_wcrtomb.o)
    0x08001264   0x08001264   0x0000004a   Code   RO         5081    .text               c_w.l(sys_stackheap_outer.o)
    0x080012ae   0x080012ae   0x00000002   PAD
    0x080012b0   0x080012b0   0x00000010   Code   RO         5083    .text               c_w.l(rt_ctype_table.o)
    0x080012c0   0x080012c0   0x00000008   Code   RO         5088    .text               c_w.l(rt_locale_intlibspace.o)
    0x080012c8   0x080012c8   0x00000080   Code   RO         5090    .text               c_w.l(_printf_fp_infnan.o)
    0x08001348   0x08001348   0x000000e4   Code   RO         5092    .text               c_w.l(bigflt0.o)
    0x0800142c   0x0800142c   0x00000012   Code   RO         5120    .text               c_w.l(exit.o)
    0x0800143e   0x0800143e   0x00000002   PAD
    0x08001440   0x08001440   0x00000008   Code   RO         5132    .text               c_w.l(libspace.o)
    0x08001448   0x08001448   0x00000080   Code   RO         5140    .text               c_w.l(strcmpv7m.o)
    0x080014c8   0x080014c8   0x0000000c   Code   RO         5198    .text               c_w.l(sys_exit.o)
    0x080014d4   0x080014d4   0x00000002   Code   RO         5209    .text               c_w.l(use_no_semi.o)
    0x080014d6   0x080014d6   0x00000000   Code   RO         5211    .text               c_w.l(indicate_semi.o)
    0x080014d6   0x080014d6   0x0000003e   Code   RO         5095    CL$$btod_d2e        c_w.l(btod.o)
    0x08001514   0x08001514   0x00000046   Code   RO         5097    CL$$btod_d2e_denorm_low  c_w.l(btod.o)
    0x0800155a   0x0800155a   0x00000060   Code   RO         5096    CL$$btod_d2e_norm_op1  c_w.l(btod.o)
    0x080015ba   0x080015ba   0x00000338   Code   RO         5105    CL$$btod_div_common  c_w.l(btod.o)
    0x080018f2   0x080018f2   0x000000dc   Code   RO         5102    CL$$btod_e2e        c_w.l(btod.o)
    0x080019ce   0x080019ce   0x0000002a   Code   RO         5099    CL$$btod_ediv       c_w.l(btod.o)
    0x080019f8   0x080019f8   0x0000002a   Code   RO         5098    CL$$btod_emul       c_w.l(btod.o)
    0x08001a22   0x08001a22   0x00000244   Code   RO         5104    CL$$btod_mult_common  c_w.l(btod.o)
    0x08001c66   0x08001c66   0x00000004   Code   RO          459    i.BusFault_Handler  stm32f1xx_it.o
    0x08001c6a   0x08001c6a   0x00000002   PAD
    0x08001c6c   0x08001c6c   0x00000010   Code   RO          460    i.CAN1_RX1_IRQHandler  stm32f1xx_it.o
    0x08001c7c   0x08001c7c   0x00000040   Code   RO          886    i.CAN_Init          comm.o
    0x08001cbc   0x08001cbc   0x00000120   Code   RO          887    i.Comm_Task         comm.o
    0x08001ddc   0x08001ddc   0x00000010   Code   RO          461    i.DMA1_Channel1_IRQHandler  stm32f1xx_it.o
    0x08001dec   0x08001dec   0x00000010   Code   RO          462    i.DMA1_Channel3_IRQHandler  stm32f1xx_it.o
    0x08001dfc   0x08001dfc   0x0000002c   Code   RO         1605    i.DMA_SetConfig     stm32f1xx_hal_dma.o
    0x08001e28   0x08001e28   0x00000034   Code   RO          778    i.Data_Transmit     sk6812.o
    0x08001e5c   0x08001e5c   0x00000002   Code   RO          463    i.DebugMon_Handler  stm32f1xx_it.o
    0x08001e5e   0x08001e5e   0x00000006   Code   RO           13    i.Error_Handler     main.o
    0x08001e64   0x08001e64   0x00000028   Code   RO         2050    i.FLASH_MassErase   stm32f1xx_hal_flash_ex.o
    0x08001e8c   0x08001e8c   0x00000028   Code   RO         2059    i.FLASH_PageErase   stm32f1xx_hal_flash_ex.o
    0x08001eb4   0x08001eb4   0x00000020   Code   RO         1947    i.FLASH_Program_HalfWord  stm32f1xx_hal_flash.o
    0x08001ed4   0x08001ed4   0x00000084   Code   RO         1948    i.FLASH_SetErrorCode  stm32f1xx_hal_flash.o
    0x08001f58   0x08001f58   0x00000070   Code   RO         1949    i.FLASH_WaitForLastOperation  stm32f1xx_hal_flash.o
    0x08001fc8   0x08001fc8   0x00000036   Code   RO          605    i.Flash_Write16     flash.o
    0x08001ffe   0x08001ffe   0x0000002a   Code   RO          989    i.HAL_CAN_ActivateNotification  stm32f1xx_hal_can.o
    0x08002028   0x08002028   0x00000156   Code   RO          990    i.HAL_CAN_AddTxMessage  stm32f1xx_hal_can.o
    0x0800217e   0x0800217e   0x0000010a   Code   RO          991    i.HAL_CAN_ConfigFilter  stm32f1xx_hal_can.o
    0x08002288   0x08002288   0x00000002   Code   RO          994    i.HAL_CAN_ErrorCallback  stm32f1xx_hal_can.o
    0x0800228a   0x0800228a   0x0000017a   Code   RO          997    i.HAL_CAN_GetRxMessage  stm32f1xx_hal_can.o
    0x08002404   0x08002404   0x0000024e   Code   RO         1001    i.HAL_CAN_IRQHandler  stm32f1xx_hal_can.o
    0x08002652   0x08002652   0x00000174   Code   RO         1002    i.HAL_CAN_Init      stm32f1xx_hal_can.o
    0x080027c6   0x080027c6   0x00000002   PAD
    0x080027c8   0x080027c8   0x00000098   Code   RO          286    i.HAL_CAN_MspInit   can.o
    0x08002860   0x08002860   0x00000002   Code   RO         1009    i.HAL_CAN_RxFifo0FullCallback  stm32f1xx_hal_can.o
    0x08002862   0x08002862   0x00000002   Code   RO         1010    i.HAL_CAN_RxFifo0MsgPendingCallback  stm32f1xx_hal_can.o
    0x08002864   0x08002864   0x00000002   Code   RO         1011    i.HAL_CAN_RxFifo1FullCallback  stm32f1xx_hal_can.o
    0x08002866   0x08002866   0x00000002   PAD
    0x08002868   0x08002868   0x00000044   Code   RO          888    i.HAL_CAN_RxFifo1MsgPendingCallback  comm.o
    0x080028ac   0x080028ac   0x00000002   Code   RO         1013    i.HAL_CAN_SleepCallback  stm32f1xx_hal_can.o
    0x080028ae   0x080028ae   0x0000005e   Code   RO         1014    i.HAL_CAN_Start     stm32f1xx_hal_can.o
    0x0800290c   0x0800290c   0x00000002   Code   RO         1016    i.HAL_CAN_TxMailbox0AbortCallback  stm32f1xx_hal_can.o
    0x0800290e   0x0800290e   0x00000002   Code   RO         1017    i.HAL_CAN_TxMailbox0CompleteCallback  stm32f1xx_hal_can.o
    0x08002910   0x08002910   0x00000002   Code   RO         1018    i.HAL_CAN_TxMailbox1AbortCallback  stm32f1xx_hal_can.o
    0x08002912   0x08002912   0x00000002   Code   RO         1019    i.HAL_CAN_TxMailbox1CompleteCallback  stm32f1xx_hal_can.o
    0x08002914   0x08002914   0x00000002   Code   RO         1020    i.HAL_CAN_TxMailbox2AbortCallback  stm32f1xx_hal_can.o
    0x08002916   0x08002916   0x00000002   Code   RO         1021    i.HAL_CAN_TxMailbox2CompleteCallback  stm32f1xx_hal_can.o
    0x08002918   0x08002918   0x00000002   Code   RO         1023    i.HAL_CAN_WakeUpFromRxMsgCallback  stm32f1xx_hal_can.o
    0x0800291a   0x0800291a   0x00000002   PAD
    0x0800291c   0x0800291c   0x0000019c   Code   RO         1611    i.HAL_DMA_IRQHandler  stm32f1xx_hal_dma.o
    0x08002ab8   0x08002ab8   0x00000068   Code   RO         1612    i.HAL_DMA_Init      stm32f1xx_hal_dma.o
    0x08002b20   0x08002b20   0x0000009c   Code   RO         1616    i.HAL_DMA_Start_IT  stm32f1xx_hal_dma.o
    0x08002bbc   0x08002bbc   0x000000b0   Code   RO         2060    i.HAL_FLASHEx_Erase  stm32f1xx_hal_flash_ex.o
    0x08002c6c   0x08002c6c   0x00000014   Code   RO         1953    i.HAL_FLASH_Lock    stm32f1xx_hal_flash.o
    0x08002c80   0x08002c80   0x000000b0   Code   RO         1958    i.HAL_FLASH_Program  stm32f1xx_hal_flash.o
    0x08002d30   0x08002d30   0x00000030   Code   RO         1960    i.HAL_FLASH_Unlock  stm32f1xx_hal_flash.o
    0x08002d60   0x08002d60   0x00000320   Code   RO         1542    i.HAL_GPIO_Init     stm32f1xx_hal_gpio.o
    0x08003080   0x08003080   0x00000010   Code   RO         1544    i.HAL_GPIO_ReadPin  stm32f1xx_hal_gpio.o
    0x08003090   0x08003090   0x0000000c   Code   RO         1546    i.HAL_GPIO_WritePin  stm32f1xx_hal_gpio.o
    0x0800309c   0x0800309c   0x0000000c   Code   RO         1233    i.HAL_GetTick       stm32f1xx_hal.o
    0x080030a8   0x080030a8   0x00000018   Code   RO         1239    i.HAL_IncTick       stm32f1xx_hal.o
    0x080030c0   0x080030c0   0x00000028   Code   RO         1240    i.HAL_Init          stm32f1xx_hal.o
    0x080030e8   0x080030e8   0x000000b0   Code   RO          565    i.HAL_InitTick      stm32f1xx_hal_timebase_tim.o
    0x08003198   0x08003198   0x00000060   Code   RO          541    i.HAL_MspInit       stm32f1xx_hal_msp.o
    0x080031f8   0x080031f8   0x00000020   Code   RO         1702    i.HAL_NVIC_EnableIRQ  stm32f1xx_hal_cortex.o
    0x08003218   0x08003218   0x0000007c   Code   RO         1708    i.HAL_NVIC_SetPriority  stm32f1xx_hal_cortex.o
    0x08003294   0x08003294   0x00000028   Code   RO         1709    i.HAL_NVIC_SetPriorityGrouping  stm32f1xx_hal_cortex.o
    0x080032bc   0x080032bc   0x0000018c   Code   RO         1397    i.HAL_RCC_ClockConfig  stm32f1xx_hal_rcc.o
    0x08003448   0x08003448   0x00000044   Code   RO         1401    i.HAL_RCC_GetClockConfig  stm32f1xx_hal_rcc.o
    0x0800348c   0x0800348c   0x0000000c   Code   RO         1402    i.HAL_RCC_GetHCLKFreq  stm32f1xx_hal_rcc.o
    0x08003498   0x08003498   0x00000020   Code   RO         1404    i.HAL_RCC_GetPCLK1Freq  stm32f1xx_hal_rcc.o
    0x080034b8   0x080034b8   0x00000020   Code   RO         1405    i.HAL_RCC_GetPCLK2Freq  stm32f1xx_hal_rcc.o
    0x080034d8   0x080034d8   0x00000094   Code   RO         1406    i.HAL_RCC_GetSysClockFreq  stm32f1xx_hal_rcc.o
    0x0800356c   0x0800356c   0x00000464   Code   RO         1409    i.HAL_RCC_OscConfig  stm32f1xx_hal_rcc.o
    0x080039d0   0x080039d0   0x00000002   Code   RO         2945    i.HAL_TIMEx_BreakCallback  stm32f1xx_hal_tim_ex.o
    0x080039d2   0x080039d2   0x00000002   Code   RO         2946    i.HAL_TIMEx_CommutCallback  stm32f1xx_hal_tim_ex.o
    0x080039d4   0x080039d4   0x00000084   Code   RO         2964    i.HAL_TIMEx_MasterConfigSynchronization  stm32f1xx_hal_tim_ex.o
    0x08003a58   0x08003a58   0x00000066   Code   RO         2230    i.HAL_TIM_Base_Init  stm32f1xx_hal_tim.o
    0x08003abe   0x08003abe   0x00000002   PAD
    0x08003ac0   0x08003ac0   0x00000110   Code   RO          352    i.HAL_TIM_Base_MspInit  tim.o
    0x08003bd0   0x08003bd0   0x00000078   Code   RO         2235    i.HAL_TIM_Base_Start_IT  stm32f1xx_hal_tim.o
    0x08003c48   0x08003c48   0x00000108   Code   RO         2239    i.HAL_TIM_ConfigClockSource  stm32f1xx_hal_tim.o
    0x08003d50   0x08003d50   0x00000002   Code   RO         2260    i.HAL_TIM_ErrorCallback  stm32f1xx_hal_tim.o
    0x08003d52   0x08003d52   0x00000002   Code   RO         2264    i.HAL_TIM_IC_CaptureCallback  stm32f1xx_hal_tim.o
    0x08003d54   0x08003d54   0x00000196   Code   RO         2278    i.HAL_TIM_IRQHandler  stm32f1xx_hal_tim.o
    0x08003eea   0x08003eea   0x00000002   PAD
    0x08003eec   0x08003eec   0x00000090   Code   RO          353    i.HAL_TIM_MspPostInit  tim.o
    0x08003f7c   0x08003f7c   0x00000002   Code   RO         2281    i.HAL_TIM_OC_DelayElapsedCallback  stm32f1xx_hal_tim.o
    0x08003f7e   0x08003f7e   0x000000fc   Code   RO         2302    i.HAL_TIM_PWM_ConfigChannel  stm32f1xx_hal_tim.o
    0x0800407a   0x0800407a   0x00000066   Code   RO         2305    i.HAL_TIM_PWM_Init  stm32f1xx_hal_tim.o
    0x080040e0   0x080040e0   0x00000002   Code   RO         2307    i.HAL_TIM_PWM_MspInit  stm32f1xx_hal_tim.o
    0x080040e2   0x080040e2   0x00000002   Code   RO         2308    i.HAL_TIM_PWM_PulseFinishedCallback  stm32f1xx_hal_tim.o
    0x080040e4   0x080040e4   0x00000002   Code   RO         2309    i.HAL_TIM_PWM_PulseFinishedHalfCpltCallback  stm32f1xx_hal_tim.o
    0x080040e6   0x080040e6   0x00000002   PAD
    0x080040e8   0x080040e8   0x00000204   Code   RO         2311    i.HAL_TIM_PWM_Start_DMA  stm32f1xx_hal_tim.o
    0x080042ec   0x080042ec   0x00000012   Code   RO           14    i.HAL_TIM_PeriodElapsedCallback  main.o
    0x080042fe   0x080042fe   0x00000002   Code   RO         2321    i.HAL_TIM_TriggerCallback  stm32f1xx_hal_tim.o
    0x08004300   0x08004300   0x00000072   Code   RO         3241    i.HAL_UART_Init     stm32f1xx_hal_uart.o
    0x08004372   0x08004372   0x00000002   PAD
    0x08004374   0x08004374   0x000000f8   Code   RO          412    i.HAL_UART_MspInit  usart.o
    0x0800446c   0x0800446c   0x000000d2   Code   RO         3249    i.HAL_UART_Transmit  stm32f1xx_hal_uart.o
    0x0800453e   0x0800453e   0x00000002   PAD
    0x08004540   0x08004540   0x000001c0   Code   RO          643    i.HX711_Read        hx711.o
    0x08004700   0x08004700   0x00000100   Code   RO          644    i.HX711_Task        hx711.o
    0x08004800   0x08004800   0x00000004   Code   RO          464    i.HardFault_Handler  stm32f1xx_it.o
    0x08004804   0x08004804   0x00000044   Code   RO          287    i.MX_CAN_Init       can.o
    0x08004848   0x08004848   0x00000044   Code   RO          327    i.MX_DMA_Init       dma.o
    0x0800488c   0x0800488c   0x0000007c   Code   RO          241    i.MX_FREERTOS_Init  freertos.o
    0x08004908   0x08004908   0x000000dc   Code   RO          217    i.MX_GPIO_Init      gpio.o
    0x080049e4   0x080049e4   0x00000070   Code   RO          354    i.MX_TIM1_Init      tim.o
    0x08004a54   0x08004a54   0x000000a0   Code   RO          355    i.MX_TIM3_Init      tim.o
    0x08004af4   0x08004af4   0x000000a0   Code   RO          356    i.MX_TIM4_Init      tim.o
    0x08004b94   0x08004b94   0x00000038   Code   RO          413    i.MX_USART1_UART_Init  usart.o
    0x08004bcc   0x08004bcc   0x00000038   Code   RO          414    i.MX_USART3_UART_Init  usart.o
    0x08004c04   0x08004c04   0x00000004   Code   RO          465    i.MemManage_Handler  stm32f1xx_it.o
    0x08004c08   0x08004c08   0x00000004   Code   RO          466    i.NMI_Handler       stm32f1xx_it.o
    0x08004c0c   0x08004c0c   0x0000005c   Code   RO          889    i.Protocol_Send_CAN  comm.o
    0x08004c68   0x08004c68   0x00000028   Code   RO         1410    i.RCC_Delay         stm32f1xx_hal_rcc.o
    0x08004c90   0x08004c90   0x00000028   Code   RO          779    i.SK6812_LEDS_Blink  sk6812.o
    0x08004cb8   0x08004cb8   0x00000040   Code   RO          780    i.SK6812_LEDS_Reset  sk6812.o
    0x08004cf8   0x08004cf8   0x00000124   Code   RO          781    i.SK6812_LEDS_Set   sk6812.o
    0x08004e1c   0x08004e1c   0x00000074   Code   RO          782    i.SK6812_LEDS_Task  sk6812.o
    0x08004e90   0x08004e90   0x00000040   Code   RO          783    i.Set_SINGLE_LED_RGB  sk6812.o
    0x08004ed0   0x08004ed0   0x00000034   Code   RO         4825    i.SysTick_Handler   port.o
    0x08004f04   0x08004f04   0x00000066   Code   RO           15    i.SystemClock_Config  main.o
    0x08004f6a   0x08004f6a   0x00000002   Code   RO         3580    i.SystemInit        system_stm32f1xx.o
    0x08004f6c   0x08004f6c   0x00000010   Code   RO          467    i.TIM2_IRQHandler   stm32f1xx_it.o
    0x08004f7c   0x08004f7c   0x00000074   Code   RO         2323    i.TIM_Base_SetConfig  stm32f1xx_hal_tim.o
    0x08004ff0   0x08004ff0   0x00000022   Code   RO         2324    i.TIM_CCxChannelCmd  stm32f1xx_hal_tim.o
    0x08005012   0x08005012   0x00000068   Code   RO         2327    i.TIM_DMADelayPulseCplt  stm32f1xx_hal_tim.o
    0x0800507a   0x0800507a   0x00000040   Code   RO         2328    i.TIM_DMADelayPulseHalfCplt  stm32f1xx_hal_tim.o
    0x080050ba   0x080050ba   0x0000005e   Code   RO         2329    i.TIM_DMAError      stm32f1xx_hal_tim.o
    0x08005118   0x08005118   0x00000016   Code   RO         2334    i.TIM_ETR_SetConfig  stm32f1xx_hal_tim.o
    0x0800512e   0x0800512e   0x00000012   Code   RO         2335    i.TIM_ITRx_SetConfig  stm32f1xx_hal_tim.o
    0x08005140   0x08005140   0x00000060   Code   RO         2336    i.TIM_OC1_SetConfig  stm32f1xx_hal_tim.o
    0x080051a0   0x080051a0   0x00000068   Code   RO         2337    i.TIM_OC2_SetConfig  stm32f1xx_hal_tim.o
    0x08005208   0x08005208   0x00000068   Code   RO         2338    i.TIM_OC3_SetConfig  stm32f1xx_hal_tim.o
    0x08005270   0x08005270   0x00000048   Code   RO         2339    i.TIM_OC4_SetConfig  stm32f1xx_hal_tim.o
    0x080052b8   0x080052b8   0x00000026   Code   RO         2341    i.TIM_TI1_ConfigInputStage  stm32f1xx_hal_tim.o
    0x080052de   0x080052de   0x00000028   Code   RO         2343    i.TIM_TI2_ConfigInputStage  stm32f1xx_hal_tim.o
    0x08005306   0x08005306   0x00000002   PAD
    0x08005308   0x08005308   0x000000fc   Code   RO         3268    i.UART_SetConfig    stm32f1xx_hal_uart.o
    0x08005404   0x08005404   0x0000006c   Code   RO         3272    i.UART_WaitOnFlagUntilTimeout  stm32f1xx_hal_uart.o
    0x08005470   0x08005470   0x00000004   Code   RO          468    i.UsageFault_Handler  stm32f1xx_it.o
    0x08005474   0x08005474   0x00000234   Code   RO          844    i.User_Task         user.o
    0x080056a8   0x080056a8   0x00000028   Code   RO         5130    i.__ARM_fpclassify  m_ws.l(fpclassify.o)
    0x080056d0   0x080056d0   0x00000010   Code   RO         1715    i.__NVIC_GetPriorityGrouping  stm32f1xx_hal_cortex.o
    0x080056e0   0x080056e0   0x00000028   Code   RO         1716    i.__NVIC_SetPriority  stm32f1xx_hal_cortex.o
    0x08005708   0x08005708   0x0000000e   Code   RO         4996    i._is_digit         c_w.l(__printf_wp.o)
    0x08005716   0x08005716   0x00000034   Code   RO           16    i.main              main.o
    0x0800574a   0x0800574a   0x0000000e   Code   RO         4396    i.makeFreeRtosPriority  cmsis_os.o
    0x08005758   0x08005758   0x00000018   Code   RO         4398    i.osDelay           cmsis_os.o
    0x08005770   0x08005770   0x0000000a   Code   RO         4401    i.osKernelStart     cmsis_os.o
    0x0800577a   0x0800577a   0x0000005e   Code   RO         4435    i.osThreadCreate    cmsis_os.o
    0x080057d8   0x080057d8   0x00000098   Code   RO         4082    i.prvAddCurrentTaskToDelayedList  tasks.o
    0x08005870   0x08005870   0x000000b4   Code   RO         4083    i.prvAddNewTaskToReadyList  tasks.o
    0x08005924   0x08005924   0x00000048   Code   RO         4084    i.prvCheckTasksWaitingTermination  tasks.o
    0x0800596c   0x0800596c   0x00000050   Code   RO         4085    i.prvDeleteTCB      tasks.o
    0x080059bc   0x080059bc   0x0000007c   Code   RO         4763    i.prvHeapInit       heap_4.o
    0x08005a38   0x08005a38   0x00000028   Code   RO         4086    i.prvIdleTask       tasks.o
    0x08005a60   0x08005a60   0x000000aa   Code   RO         4087    i.prvInitialiseNewTask  tasks.o
    0x08005b0a   0x08005b0a   0x00000002   PAD
    0x08005b0c   0x08005b0c   0x00000068   Code   RO         4088    i.prvInitialiseTaskLists  tasks.o
    0x08005b74   0x08005b74   0x00000068   Code   RO         4764    i.prvInsertBlockIntoFreeList  heap_4.o
    0x08005bdc   0x08005bdc   0x00000034   Code   RO         4089    i.prvResetNextTaskUnblockTime  tasks.o
    0x08005c10   0x08005c10   0x00000040   Code   RO         4826    i.prvTaskExitError  port.o
    0x08005c50   0x08005c50   0x0000013c   Code   RO         4765    i.pvPortMalloc      heap_4.o
    0x08005d8c   0x08005d8c   0x00000024   Code   RO         4827    i.pxPortInitialiseStack  port.o
    0x08005db0   0x08005db0   0x00000044   Code   RO          890    i.usart_printf      comm.o
    0x08005df4   0x08005df4   0x00000028   Code   RO         3717    i.uxListRemove      list.o
    0x08005e1c   0x08005e1c   0x00000018   Code   RO          242    i.vApplicationGetIdleTaskMemory  freertos.o
    0x08005e34   0x08005e34   0x0000001a   Code   RO         3718    i.vListInitialise   list.o
    0x08005e4e   0x08005e4e   0x00000006   Code   RO         3719    i.vListInitialiseItem  list.o
    0x08005e54   0x08005e54   0x00000034   Code   RO         3720    i.vListInsert       list.o
    0x08005e88   0x08005e88   0x00000018   Code   RO         3721    i.vListInsertEnd    list.o
    0x08005ea0   0x08005ea0   0x00000054   Code   RO         4829    i.vPortEnterCritical  port.o
    0x08005ef4   0x08005ef4   0x0000003c   Code   RO         4830    i.vPortExitCritical  port.o
    0x08005f30   0x08005f30   0x00000094   Code   RO         4766    i.vPortFree         heap_4.o
    0x08005fc4   0x08005fc4   0x00000028   Code   RO         4831    i.vPortSetupTimerInterrupt  port.o
    0x08005fec   0x08005fec   0x0000005c   Code   RO         4097    i.vTaskDelay        tasks.o
    0x08006048   0x08006048   0x000000b0   Code   RO         4110    i.vTaskStartScheduler  tasks.o
    0x080060f8   0x080060f8   0x00000010   Code   RO         4112    i.vTaskSuspendAll   tasks.o
    0x08006108   0x08006108   0x0000008c   Code   RO         4113    i.vTaskSwitchContext  tasks.o
    0x08006194   0x08006194   0x000000f8   Code   RO         4833    i.xPortStartScheduler  port.o
    0x0800628c   0x0800628c   0x00000064   Code   RO         4115    i.xTaskCreate       tasks.o
    0x080062f0   0x080062f0   0x000000b8   Code   RO         4116    i.xTaskCreateStatic  tasks.o
    0x080063a8   0x080063a8   0x00000148   Code   RO         4123    i.xTaskIncrementTick  tasks.o
    0x080064f0   0x080064f0   0x00000104   Code   RO         4129    i.xTaskResumeAll    tasks.o
    0x080065f4   0x080065f4   0x0000002c   Code   RO         5118    locale$$code        c_w.l(lc_numeric_c.o)
    0x08006620   0x08006620   0x0000002c   Code   RO         5138    locale$$code        c_w.l(lc_ctype_c.o)
    0x0800664c   0x0800664c   0x00000150   Code   RO         4919    x$fpl$dadd          fz_ws.l(daddsub_clz.o)
    0x0800679c   0x0800679c   0x00000018   Code   RO         5031    x$fpl$dcmpinf       fz_ws.l(dcmpi.o)
    0x080067b4   0x080067b4   0x0000002e   Code   RO         4926    x$fpl$dflt          fz_ws.l(dflt_clz.o)
    0x080067e2   0x080067e2   0x00000002   PAD
    0x080067e4   0x080067e4   0x00000078   Code   RO         4931    x$fpl$dleqf         fz_ws.l(dleqf.o)
    0x0800685c   0x0800685c   0x0000009c   Code   RO         5033    x$fpl$dnaninf       fz_ws.l(dnaninf.o)
    0x080068f8   0x080068f8   0x0000000c   Code   RO         5035    x$fpl$dretinf       fz_ws.l(dretinf.o)
    0x08006904   0x08006904   0x000001d4   Code   RO         4921    x$fpl$dsub          fz_ws.l(daddsub_clz.o)
    0x08006ad8   0x08006ad8   0x0000003e   Code   RO         4933    x$fpl$ffixu         fz_ws.l(ffixu.o)
    0x08006b16   0x08006b16   0x0000008c   Code   RO         5037    x$fpl$fnaninf       fz_ws.l(fnaninf.o)
    0x08006ba2   0x08006ba2   0x00000004   Code   RO         5039    x$fpl$printf1       fz_ws.l(printf1.o)
    0x08006ba6   0x08006ba6   0x00000004   Code   RO         5041    x$fpl$printf2       fz_ws.l(printf2.o)
    0x08006baa   0x08006baa   0x00000000   Code   RO         5047    x$fpl$usenofp       fz_ws.l(usenofp.o)
    0x08006baa   0x08006baa   0x00000002   PAD
    0x08006bac   0x08006bac   0x00000070   Data   RO          244    .constdata          freertos.o
    0x08006c1c   0x08006c1c   0x00000018   Data   RO         3581    .constdata          system_stm32f1xx.o
    0x08006c34   0x08006c34   0x00000008   Data   RO         4955    .constdata          c_w.l(_printf_wctomb.o)
    0x08006c3c   0x08006c3c   0x00000028   Data   RO         4984    .constdata          c_w.l(_printf_hex_int_ll_ptr.o)
    0x08006c64   0x08006c64   0x00000011   Data   RO         5004    .constdata          c_w.l(__printf_flags_ss_wp.o)
    0x08006c75   0x08006c75   0x00000026   Data   RO         5070    .constdata          c_w.l(_printf_fp_hex.o)
    0x08006c9b   0x08006c9b   0x00000001   PAD
    0x08006c9c   0x08006c9c   0x00000094   Data   RO         5093    .constdata          c_w.l(bigflt0.o)
    0x08006d30   0x08006d30   0x0000001d   Data   RO          245    .conststring        freertos.o
    0x08006d4d   0x08006d4d   0x00000003   PAD
    0x08006d50   0x08006d50   0x00000020   Data   RO         5266    Region$$Table       anon$$obj.o
    0x08006d70   0x08006d70   0x0000001c   Data   RO         5117    locale$$data        c_w.l(lc_numeric_c.o)
    0x08006d8c   0x08006d8c   0x00000110   Data   RO         5137    locale$$data        c_w.l(lc_ctype_c.o)


    Execution Region RW_IRAM1 (Exec base: 0x20000000, Load base: 0x08006e9c, Size: 0x00001cd8, Max: 0x00005000, ABSOLUTE)

    Exec Addr    Load Addr    Size         Type   Attr      Idx    E Section Name        Object

    0x20000000   0x08006e9c   0x00000010   Data   RW          246    .data               freertos.o
    0x20000010   0x08006eac   0x00000008   Data   RW          646    .data               hx711.o
    0x20000018   0x08006eb4   0x00000003   Data   RW          785    .data               sk6812.o
    0x2000001b   0x08006eb7   0x00000001   PAD
    0x2000001c   0x08006eb8   0x0000000c   Data   RW          845    .data               user.o
    0x20000028   0x08006ec4   0x0000000e   Data   RW          892    .data               comm.o
    0x20000036   0x08006ed2   0x00000002   PAD
    0x20000038   0x08006ed4   0x00000009   Data   RW         1247    .data               stm32f1xx_hal.o
    0x20000041   0x08006edd   0x00000003   PAD
    0x20000044   0x08006ee0   0x00000004   Data   RW         3582    .data               system_stm32f1xx.o
    0x20000048   0x08006ee4   0x0000003c   Data   RW         4132    .data               tasks.o
    0x20000084   0x08006f20   0x00000018   Data   RW         4771    .data               heap_4.o
    0x2000009c   0x08006f38   0x0000000c   Data   RW         4834    .data               port.o
    0x200000a8        -       0x00000254   Zero   RW          243    .bss                freertos.o
    0x200002fc        -       0x00000028   Zero   RW          288    .bss                can.o
    0x20000324        -       0x00000160   Zero   RW          357    .bss                tim.o
    0x20000484        -       0x00000088   Zero   RW          415    .bss                usart.o
    0x2000050c        -       0x00000048   Zero   RW          568    .bss                stm32f1xx_hal_timebase_tim.o
    0x20000554        -       0x00000094   Zero   RW          645    .bss                hx711.o
    0x200005e8        -       0x00000264   Zero   RW          784    .bss                sk6812.o
    0x2000084c        -       0x00000118   Zero   RW          891    .bss                comm.o
    0x20000964   0x08006f44   0x00000004   PAD
    0x20000968        -       0x00000020   Zero   RW         1961    .bss                stm32f1xx_hal_flash.o
    0x20000988        -       0x000000f0   Zero   RW         4131    .bss                tasks.o
    0x20000a78        -       0x00000c00   Zero   RW         4770    .bss                heap_4.o
    0x20001678        -       0x00000060   Zero   RW         5133    .bss                c_w.l(libspace.o)
    0x200016d8        -       0x00000200   Zero   RW            2    HEAP                startup_stm32f103xb.o
    0x200018d8        -       0x00000400   Zero   RW            1    STACK               startup_stm32f103xb.o


==============================================================================

Image component sizes


      Code (inc. data)   RO Data    RW Data    ZI Data      Debug   Object Name

       220         24          0          0         40       1603   can.o
       142          0          0          0          0      22075   cmsis_os.o
       580        158          0         14        280       4192   comm.o
        68          4          0          0          0        734   dma.o
         0          0          0          0          0      18248   event_groups.o
        54          0          0          0          0        624   flash.o
       148         32        141         16        596       2116   freertos.o
       220         12          0          0          0        939   gpio.o
       692         62          0         24       3072       7207   heap_4.o
       704         44          0          8        148     376024   hx711.o
       148          0          0          0          0       3398   list.o
       178          0          0          0          0     476440   main.o
       734         64          0         12          0      10312   port.o
       628         58          0          3        612       6073   sk6812.o
        64         26        236          0       1536        804   startup_stm32f103xb.o
        76         20          0          9          0       4594   stm32f1xx_hal.o
      2108          0          0          0          0      13535   stm32f1xx_hal_can.o
       252         22          0          0          0      28650   stm32f1xx_hal_cortex.o
       716          8          0          0          0       3451   stm32f1xx_hal_dma.o
       520         48          0          0         32       4114   stm32f1xx_hal_flash.o
       256         26          0          0          0       2523   stm32f1xx_hal_flash_ex.o
       828         34          0          0          0       3287   stm32f1xx_hal_gpio.o
        96         10          0          0          0        882   stm32f1xx_hal_msp.o
      1852        120          0          0          0       6561   stm32f1xx_hal_rcc.o
      2682         72          0          0          0      18655   stm32f1xx_hal_tim.o
       136         14          0          0          0       2365   stm32f1xx_hal_tim_ex.o
       176         16          0          0         72       1439   stm32f1xx_hal_timebase_tim.o
       684          4          0          0          0       3572   stm32f1xx_hal_uart.o
        86         24          0          0          0       4419   stm32f1xx_it.o
         0          0          0          0          0        448   stream_buffer.o
         2          0         24          4          0       1095   system_stm32f1xx.o
      2146        270          0         60        240      16853   tasks.o
       848         70          0          0        352       3941   tim.o
       360         42          0          0        136       2243   usart.o
       564         52          0         12          0       1258   user.o

    ----------------------------------------------------------------------
     18992       1336        436        168       7120    1054674   Object Totals
         0          0         32          0          0          0   (incl. Generated)
        24          0          3          6          4          0   (incl. Padding)

    ----------------------------------------------------------------------

      Code (inc. data)   RO Data    RW Data    ZI Data      Debug   Library Member Name

         8          0          0          0          0         68   __main.o
       392          4         17          0          0         92   __printf_flags_ss_wp.o
        14          0          0          0          0         68   __printf_wp.o
         0          0          0          0          0          0   __rtentry.o
        12          0          0          0          0          0   __rtentry2.o
         6          0          0          0          0          0   __rtentry4.o
        52          8          0          0          0          0   __scatter.o
        26          0          0          0          0          0   __scatter_copy.o
        28          0          0          0          0          0   __scatter_zi.o
         6          0          0          0          0          0   _printf_a.o
         6          0          0          0          0          0   _printf_c.o
        44          0          0          0          0        108   _printf_char.o
        48          6          0          0          0         96   _printf_char_common.o
        40          0          0          0          0         68   _printf_charcount.o
         6          0          0          0          0          0   _printf_d.o
       120         16          0          0          0         92   _printf_dec.o
         6          0          0          0          0          0   _printf_e.o
         6          0          0          0          0          0   _printf_f.o
      1054          0          0          0          0        216   _printf_fp_dec.o
       764          8         38          0          0        100   _printf_fp_hex.o
       128         16          0          0          0         84   _printf_fp_infnan.o
         6          0          0          0          0          0   _printf_g.o
       148          4         40          0          0        160   _printf_hex_int_ll_ptr.o
         6          0          0          0          0          0   _printf_i.o
       178          0          0          0          0         88   _printf_intcommon.o
        10          0          0          0          0          0   _printf_l.o
         6          0          0          0          0          0   _printf_lc.o
        10          0          0          0          0          0   _printf_ll.o
         6          0          0          0          0          0   _printf_lld.o
         6          0          0          0          0          0   _printf_lli.o
         6          0          0          0          0          0   _printf_llo.o
         6          0          0          0          0          0   _printf_llu.o
         6          0          0          0          0          0   _printf_llx.o
       124         16          0          0          0         92   _printf_longlong_dec.o
         6          0          0          0          0          0   _printf_ls.o
         6          0          0          0          0          0   _printf_n.o
         6          0          0          0          0          0   _printf_o.o
       112         10          0          0          0        124   _printf_oct_int_ll.o
         6          0          0          0          0          0   _printf_p.o
        78          0          0          0          0        108   _printf_pad.o
         0          0          0          0          0          0   _printf_percent.o
         4          0          0          0          0          0   _printf_percent_end.o
         6          0          0          0          0          0   _printf_s.o
        82          0          0          0          0         80   _printf_str.o
        36          0          0          0          0         84   _printf_truncate.o
         6          0          0          0          0          0   _printf_u.o
        44          0          0          0          0        108   _printf_wchar.o
       188          6          8          0          0         92   _printf_wctomb.o
         6          0          0          0          0          0   _printf_x.o
        10          0          0          0          0         68   _sputc.o
        64          0          0          0          0         92   _wcrtomb.o
       228          4        148          0          0         96   bigflt0.o
      1936        128          0          0          0        672   btod.o
        18          0          0          0          0         80   exit.o
         6          0          0          0          0        152   heapauxi.o
         0          0          0          0          0          0   indicate_semi.o
        44         10        272          0          0         76   lc_ctype_c.o
        44         10         28          0          0         76   lc_numeric_c.o
         2          0          0          0          0          0   libinit.o
        30          0          0          0          0          0   libinit2.o
         2          0          0          0          0          0   libshutdown.o
         2          0          0          0          0          0   libshutdown2.o
         8          4          0          0         96         68   libspace.o
       138          0          0          0          0         80   lludiv10.o
        38          0          0          0          0         68   llushr.o
        16          4          0          0          0         76   rt_ctype_table.o
         8          4          0          0          0         68   rt_locale_intlibspace.o
        78          0          0          0          0         80   rt_memclr_w.o
       100          0          0          0          0         80   rt_memcpy_w.o
         2          0          0          0          0          0   rtexit.o
        10          0          0          0          0          0   rtexit2.o
       128          0          0          0          0         68   strcmpv7m.o
        12          4          0          0          0         68   sys_exit.o
        74          0          0          0          0         80   sys_stackheap_outer.o
         2          0          0          0          0         68   use_no_semi.o
        36          4          0          0          0         76   vsprintf.o
       804         16          0          0          0        272   daddsub_clz.o
        24          0          0          0          0         68   dcmpi.o
        46          0          0          0          0         68   dflt_clz.o
       120          4          0          0          0         92   dleqf.o
       156          4          0          0          0         92   dnaninf.o
        12          0          0          0          0         68   dretinf.o
        62          4          0          0          0         84   ffixu.o
       140          4          0          0          0         84   fnaninf.o
         4          0          0          0          0         68   printf1.o
         4          0          0          0          0         68   printf2.o
         0          0          0          0          0          0   usenofp.o
        40          0          0          0          0         68   fpclassify.o

    ----------------------------------------------------------------------
      8336        298        552          0         96       5152   Library Totals
        18          0          1          0          0          0   (incl. Padding)

    ----------------------------------------------------------------------

      Code (inc. data)   RO Data    RW Data    ZI Data      Debug   Library Name

      6906        266        551          0         96       4120   c_w.l
      1372         32          0          0          0        964   fz_ws.l
        40          0          0          0          0         68   m_ws.l

    ----------------------------------------------------------------------
      8336        298        552          0         96       5152   Library Totals

    ----------------------------------------------------------------------

==============================================================================


      Code (inc. data)   RO Data    RW Data    ZI Data      Debug   

     27328       1634        988        168       7216    1048486   Grand Totals
     27328       1634        988        168       7216    1048486   ELF Image Totals
     27328       1634        988        168          0          0   ROM Totals

==============================================================================

    Total RO  Size (Code + RO Data)                28316 (  27.65kB)
    Total RW  Size (RW Data + ZI Data)              7384 (   7.21kB)
    Total ROM Size (Code + RO Data + RW Data)      28484 (  27.82kB)

==============================================================================

